Component: ARM Compiler 6.10.1 Tool: armlink [5d142800]

==============================================================================

Section Cross References

    cw2.o(.text.main) refers to gpio_setup.o(.text.board_setup) for board_setup
    cw2.o(.text.main) refers to stm32f3xx_hal.o(.text.HAL_GetTick) for HAL_GetTick
    cw2.o(.text.main) refers to stm32f3xx_hal_cortex.o(.text.HAL_NVIC_SetPriority) for HAL_NVIC_SetPriority
    cw2.o(.text.main) refers to cw2.o(.text._ZL14SysTick_Configj) for _ZL14SysTick_Configj
    cw2.o(.text.main) refers to system.o(.text._ZN6SystemC2Ejj) for System::System(unsigned, unsigned)
    cw2.o(.text.main) refers to led.o(.text._ZN4LEDsC2Et) for LEDs::LEDs(unsigned short)
    cw2.o(.text.main) refers to cw2.o(.data.Database) for Database
    cw2.o(.text.main) refers to process.o(.text._ZN7ProcessC2EPajj) for Process::Process(signed char*, unsigned, unsigned)
    cw2.o(.text.main) refers to cw2.o(.text._ZN7ResultsC2Ev) for Results::Results__sub_object()
    cw2.o(.text.main) refers to cw2.o(.bss.IP_flag) for IP_flag
    cw2.o(.text.main) refers to system.o(.text._ZN6System10runProcessER7ProcessR7ResultsR4LEDsS5_S5_S5_b) for System::runProcess(Process&, Results&, LEDs&, LEDs&, LEDs&, LEDs&, bool)
    cw2.o(.ARM.exidx.text.main) refers to Unwind-EHABI.cpp.o(.text.__aeabi_unwind_cpp_pr0) for __aeabi_unwind_cpp_pr0
    cw2.o(.ARM.exidx.text.main) refers to cw2.o(.text.main) for [Anonymous Symbol]
    cw2.o(.text._ZL14SysTick_Configj) refers to cw2.o(.text._ZL18__NVIC_SetPriority9IRQn_Typej) for _ZL18__NVIC_SetPriority9IRQn_Typej
    cw2.o(.ARM.exidx.text._ZL14SysTick_Configj) refers to cw2.o(.text._ZL14SysTick_Configj) for [Anonymous Symbol]
    cw2.o(.text.HAL_GPIO_EXTI_Callback) refers to cw2.o(.bss.IP_flag) for IP_flag
    cw2.o(.ARM.exidx.text.HAL_GPIO_EXTI_Callback) refers to cw2.o(.text.HAL_GPIO_EXTI_Callback) for [Anonymous Symbol]
    cw2.o(.text.SysTick_Handler) refers to stm32f3xx_hal.o(.text.HAL_IncTick) for HAL_IncTick
    cw2.o(.ARM.exidx.text.SysTick_Handler) refers to Unwind-EHABI.cpp.o(.text.__aeabi_unwind_cpp_pr0) for __aeabi_unwind_cpp_pr0
    cw2.o(.ARM.exidx.text.SysTick_Handler) refers to cw2.o(.text.SysTick_Handler) for [Anonymous Symbol]
    cw2.o(.ARM.exidx.text._ZL18__NVIC_SetPriority9IRQn_Typej) refers to cw2.o(.text._ZL18__NVIC_SetPriority9IRQn_Typej) for [Anonymous Symbol]
    led.o(.text._ZN4LEDsC2Et) refers to led.o(.text._ZN4LEDs3offEv) for LEDs::off()
    led.o(.ARM.exidx.text._ZN4LEDsC2Et) refers to led.o(.text._ZN4LEDsC2Et) for [Anonymous Symbol]
    led.o(.ARM.exidx.text._ZN4LEDs3offEv) refers to led.o(.text._ZN4LEDs3offEv) for [Anonymous Symbol]
    led.o(.ARM.exidx.text._ZN4LEDsC2Ev) refers to led.o(.text._ZN4LEDsC2Ev) for [Anonymous Symbol]
    led.o(.ARM.exidx.text._ZN4LEDs2onEv) refers to led.o(.text._ZN4LEDs2onEv) for [Anonymous Symbol]
    led.o(.ARM.exidx.text._ZN4LEDs6toggleEv) refers to led.o(.text._ZN4LEDs6toggleEv) for [Anonymous Symbol]
    led.o(.text._ZN4LEDsaSEt) refers to led.o(.text._ZN4LEDsC2Et) for LEDs::LEDs__sub_object(unsigned short)
    led.o(.ARM.exidx.text._ZN4LEDsaSEt) refers to led.o(.text._ZN4LEDsaSEt) for [Anonymous Symbol]
    process.o(.ARM.exidx.text._ZN7ProcessC2EPajj) refers to process.o(.text._ZN7ProcessC2EPajj) for [Anonymous Symbol]
    process.o(.text._ZN7Process10ProcessRowEv) refers to dflt_clz.o(x$fpl$dflt) for __aeabi_i2d
    process.o(.text._ZN7Process10ProcessRowEv) refers to sqrt.o(i.__hardfp_sqrt) for __hardfp_sqrt
    process.o(.text._ZN7Process10ProcessRowEv) refers to daddsub_clz.o(x$fpl$dadd) for __aeabi_dadd
    process.o(.text._ZN7Process10ProcessRowEv) refers to dfix.o(x$fpl$dfix) for __aeabi_d2iz
    process.o(.ARM.exidx.text._ZN7Process10ProcessRowEv) refers to process.o(.text._ZN7Process10ProcessRowEv) for [Anonymous Symbol]
    process.o(.ARM.exidx.text._ZN7Process7NextRowEv) refers to process.o(.text._ZN7Process7NextRowEv) for [Anonymous Symbol]
    process.o(.text._ZN7Process10ProcessAllEv) refers to process.o(.text._ZN7Process10ProcessRowEv) for Process::ProcessRow()
    process.o(.text._ZN7Process10ProcessAllEv) refers to process.o(.text._ZN7Process7NextRowEv) for Process::NextRow()
    process.o(.ARM.exidx.text._ZN7Process10ProcessAllEv) refers to process.o(.text._ZN7Process10ProcessAllEv) for [Anonymous Symbol]
    results.o(.ARM.exidx.text._ZN7Results11StoreResultEi) refers to results.o(.text._ZN7Results11StoreResultEi) for [Anonymous Symbol]
    results.o(.ARM.exidx.text._ZN7Results12EmptyResultsEv) refers to results.o(.text._ZN7Results12EmptyResultsEv) for [Anonymous Symbol]
    system.o(.ARM.exidx.text._ZN6SystemC2Ejj) refers to system.o(.text._ZN6SystemC2Ejj) for [Anonymous Symbol]
    system.o(.text._ZN6System10setTimeoutER4LEDsS1_b) refers to led.o(.text._ZN4LEDs2onEv) for LEDs::on()
    system.o(.text._ZN6System10setTimeoutER4LEDsS1_b) refers to led.o(.text._ZN4LEDs3offEv) for LEDs::off()
[...]
    Removing stm32f3xx_hal_gpio.o(.text.HAL_GPIO_LockPin), (110 bytes).
    Removing stm32f3xx_hal_gpio.o(.ARM.exidx.text.HAL_GPIO_LockPin), (8 bytes).
    Removing stm32f3xx_hal_gpio.o(.ARM.exidx.text.HAL_GPIO_EXTI_IRQHandler), (8 bytes).
    Removing stm32f3xx_hal_gpio.o(.text.HAL_GPIO_EXTI_Callback), (2 bytes).
    Removing stm32f3xx_hal_gpio.o(.ARM.exidx.text.HAL_GPIO_EXTI_Callback), (8 bytes).
    Removing stm32f3xx_hal_rcc.o(.text), (0 bytes).
    Removing stm32f3xx_hal_rcc.o(.text.HAL_RCC_DeInit), (64 bytes).
    Removing stm32f3xx_hal_rcc.o(.ARM.exidx.text.HAL_RCC_DeInit), (8 bytes).
    Removing stm32f3xx_hal_rcc.o(.ARM.exidx.text.HAL_RCC_OscConfig), (8 bytes).
    Removing stm32f3xx_hal_rcc.o(.ARM.exidx.text.HAL_RCC_ClockConfig), (8 bytes).
    Removing stm32f3xx_hal_rcc.o(.text.HAL_RCC_MCOConfig), (168 bytes).
    Removing stm32f3xx_hal_rcc.o(.ARM.exidx.text.HAL_RCC_MCOConfig), (8 bytes).
    Removing stm32f3xx_hal_rcc.o(.text.HAL_RCC_EnableCSS), (12 bytes).
    Removing stm32f3xx_hal_rcc.o(.ARM.exidx.text.HAL_RCC_EnableCSS), (8 bytes).
    Removing stm32f3xx_hal_rcc.o(.text.HAL_RCC_DisableCSS), (12 bytes).
    Removing stm32f3xx_hal_rcc.o(.ARM.exidx.text.HAL_RCC_DisableCSS), (8 bytes).
    Removing stm32f3xx_hal_rcc.o(.ARM.exidx.text.HAL_RCC_GetSysClockFreq), (8 bytes).
    Removing stm32f3xx_hal_rcc.o(.ARM.exidx.text.HAL_RCC_GetHCLKFreq), (8 bytes).
    Removing stm32f3xx_hal_rcc.o(.text.HAL_RCC_GetPCLK1Freq), (34 bytes).
    Removing stm32f3xx_hal_rcc.o(.ARM.exidx.text.HAL_RCC_GetPCLK1Freq), (8 bytes).
    Removing stm32f3xx_hal_rcc.o(.text.HAL_RCC_GetPCLK2Freq), (34 bytes).
    Removing stm32f3xx_hal_rcc.o(.ARM.exidx.text.HAL_RCC_GetPCLK2Freq), (8 bytes).
    Removing stm32f3xx_hal_rcc.o(.text.HAL_RCC_GetOscConfig), (152 bytes).
    Removing stm32f3xx_hal_rcc.o(.ARM.exidx.text.HAL_RCC_GetOscConfig), (8 bytes).
    Removing stm32f3xx_hal_rcc.o(.text.HAL_RCC_GetClockConfig), (114 bytes).
    Removing stm32f3xx_hal_rcc.o(.ARM.exidx.text.HAL_RCC_GetClockConfig), (8 bytes).
    Removing stm32f3xx_hal_rcc.o(.text.HAL_RCC_NMI_IRQHandler), (30 bytes).
    Removing stm32f3xx_hal_rcc.o(.ARM.exidx.text.HAL_RCC_NMI_IRQHandler), (8 bytes).
    Removing stm32f3xx_hal_rcc.o(.text.HAL_RCC_CSSCallback), (2 bytes).
    Removing stm32f3xx_hal_rcc.o(.ARM.exidx.text.HAL_RCC_CSSCallback), (8 bytes).
    Removing stm32f3xx_hal.o(.text), (0 bytes).
    Removing stm32f3xx_hal.o(.ARM.exidx.text.HAL_Init), (8 bytes).
    Removing stm32f3xx_hal.o(.ARM.exidx.text.HAL_InitTick), (8 bytes).
    Removing stm32f3xx_hal.o(.text.HAL_MspInit), (2 bytes).
    Removing stm32f3xx_hal.o(.ARM.exidx.text.HAL_MspInit), (8 bytes).
    Removing stm32f3xx_hal.o(.text.HAL_DeInit), (36 bytes).
    Removing stm32f3xx_hal.o(.ARM.exidx.text.HAL_DeInit), (8 bytes).
    Removing stm32f3xx_hal.o(.text.HAL_MspDeInit), (2 bytes).
    Removing stm32f3xx_hal.o(.ARM.exidx.text.HAL_MspDeInit), (8 bytes).
    Removing stm32f3xx_hal.o(.ARM.exidx.text.HAL_IncTick), (8 bytes).
    Removing stm32f3xx_hal.o(.ARM.exidx.text.HAL_GetTick), (8 bytes).
    Removing stm32f3xx_hal.o(.ARM.exidx.text.HAL_Delay), (8 bytes).
    Removing stm32f3xx_hal.o(.text.HAL_SuspendTick), (18 bytes).
    Removing stm32f3xx_hal.o(.ARM.exidx.text.HAL_SuspendTick), (8 bytes).
    Removing stm32f3xx_hal.o(.text.HAL_ResumeTick), (18 bytes).
    Removing stm32f3xx_hal.o(.ARM.exidx.text.HAL_ResumeTick), (8 bytes).
    Removing stm32f3xx_hal.o(.text.HAL_GetHalVersion), (6 bytes).
    Removing stm32f3xx_hal.o(.ARM.exidx.text.HAL_GetHalVersion), (8 bytes).
    Removing stm32f3xx_hal.o(.text.HAL_GetREVID), (14 bytes).
    Removing stm32f3xx_hal.o(.ARM.exidx.text.HAL_GetREVID), (8 bytes).
    Removing stm32f3xx_hal.o(.text.HAL_GetDEVID), (16 bytes).
    Removing stm32f3xx_hal.o(.ARM.exidx.text.HAL_GetDEVID), (8 bytes).
    Removing stm32f3xx_hal.o(.text.HAL_DBGMCU_EnableDBGSleepMode), (18 bytes).
    Removing stm32f3xx_hal.o(.ARM.exidx.text.HAL_DBGMCU_EnableDBGSleepMode), (8 bytes).
    Removing stm32f3xx_hal.o(.text.HAL_DBGMCU_DisableDBGSleepMode), (18 bytes).
    Removing stm32f3xx_hal.o(.ARM.exidx.text.HAL_DBGMCU_DisableDBGSleepMode), (8 bytes).
    Removing stm32f3xx_hal.o(.text.HAL_DBGMCU_EnableDBGStopMode), (18 bytes).
    Removing stm32f3xx_hal.o(.ARM.exidx.text.HAL_DBGMCU_EnableDBGStopMode), (8 bytes).
    Removing stm32f3xx_hal.o(.text.HAL_DBGMCU_DisableDBGStopMode), (18 bytes).
    Removing stm32f3xx_hal.o(.ARM.exidx.text.HAL_DBGMCU_DisableDBGStopMode), (8 bytes).
    Removing stm32f3xx_hal.o(.text.HAL_DBGMCU_EnableDBGStandbyMode), (18 bytes).
    Removing stm32f3xx_hal.o(.ARM.exidx.text.HAL_DBGMCU_EnableDBGStandbyMode), (8 bytes).
    Removing stm32f3xx_hal.o(.text.HAL_DBGMCU_DisableDBGStandbyMode), (18 bytes).
    Removing stm32f3xx_hal.o(.ARM.exidx.text.HAL_DBGMCU_DisableDBGStandbyMode), (8 bytes).
    Removing stm32f3xx_hal_cortex.o(.text), (0 bytes).
    Removing stm32f3xx_hal_cortex.o(.ARM.exidx.text.HAL_NVIC_SetPriorityGrouping), (8 bytes).
    Removing stm32f3xx_hal_cortex.o(.ARM.exidx.text.__NVIC_SetPriorityGrouping), (8 bytes).
    Removing stm32f3xx_hal_cortex.o(.ARM.exidx.text.HAL_NVIC_SetPriority), (8 bytes).
    Removing stm32f3xx_hal_cortex.o(.ARM.exidx.text.__NVIC_GetPriorityGrouping), (8 bytes).
    Removing stm32f3xx_hal_cortex.o(.ARM.exidx.text.__NVIC_SetPriority), (8 bytes).
    Removing stm32f3xx_hal_cortex.o(.ARM.exidx.text.NVIC_EncodePriority), (8 bytes).
    Removing stm32f3xx_hal_cortex.o(.ARM.exidx.text.HAL_NVIC_EnableIRQ), (8 bytes).
    Removing stm32f3xx_hal_cortex.o(.ARM.exidx.text.__NVIC_EnableIRQ), (8 bytes).
    Removing stm32f3xx_hal_cortex.o(.text.HAL_NVIC_DisableIRQ), (34 bytes).
    Removing stm32f3xx_hal_cortex.o(.ARM.exidx.text.HAL_NVIC_DisableIRQ), (8 bytes).
    Removing stm32f3xx_hal_cortex.o(.text.__NVIC_DisableIRQ), (40 bytes).
    Removing stm32f3xx_hal_cortex.o(.ARM.exidx.text.__NVIC_DisableIRQ), (8 bytes).
    Removing stm32f3xx_hal_cortex.o(.text.HAL_NVIC_SystemReset), (4 bytes).
    Removing stm32f3xx_hal_cortex.o(.ARM.exidx.text.HAL_NVIC_SystemReset), (8 bytes).
    Removing stm32f3xx_hal_cortex.o(.text.__NVIC_SystemReset), (36 bytes).
    Removing stm32f3xx_hal_cortex.o(.ARM.exidx.text.__NVIC_SystemReset), (8 bytes).
    Removing stm32f3xx_hal_cortex.o(.ARM.exidx.text.HAL_SYSTICK_Config), (8 bytes).
    Removing stm32f3xx_hal_cortex.o(.ARM.exidx.text.SysTick_Config), (8 bytes).
    Removing stm32f3xx_hal_cortex.o(.text.HAL_MPU_ConfigRegion), (320 bytes).
    Removing stm32f3xx_hal_cortex.o(.ARM.exidx.text.HAL_MPU_ConfigRegion), (8 bytes).
    Removing stm32f3xx_hal_cortex.o(.text.HAL_NVIC_GetPriorityGrouping), (4 bytes).
    Removing stm32f3xx_hal_cortex.o(.ARM.exidx.text.HAL_NVIC_GetPriorityGrouping), (8 bytes).
    Removing stm32f3xx_hal_cortex.o(.text.HAL_NVIC_GetPriority), (56 bytes).
    Removing stm32f3xx_hal_cortex.o(.ARM.exidx.text.HAL_NVIC_GetPriority), (8 bytes).
    Removing stm32f3xx_hal_cortex.o(.text.NVIC_DecodePriority), (64 bytes).
    Removing stm32f3xx_hal_cortex.o(.ARM.exidx.text.NVIC_DecodePriority), (8 bytes).
    Removing stm32f3xx_hal_cortex.o(.text.__NVIC_GetPriority), (34 bytes).
    Removing stm32f3xx_hal_cortex.o(.ARM.exidx.text.__NVIC_GetPriority), (8 bytes).
    Removing stm32f3xx_hal_cortex.o(.text.HAL_NVIC_SetPendingIRQ), (4 bytes).
    Removing stm32f3xx_hal_cortex.o(.ARM.exidx.text.HAL_NVIC_SetPendingIRQ), (8 bytes).
    Removing stm32f3xx_hal_cortex.o(.text.__NVIC_SetPendingIRQ), (32 bytes).
    Removing stm32f3xx_hal_cortex.o(.ARM.exidx.text.__NVIC_SetPendingIRQ), (8 bytes).
    Removing stm32f3xx_hal_cortex.o(.text.HAL_NVIC_GetPendingIRQ), (4 bytes).
    Removing stm32f3xx_hal_cortex.o(.ARM.exidx.text.HAL_NVIC_GetPendingIRQ), (8 bytes).
    Removing stm32f3xx_hal_cortex.o(.text.__NVIC_GetPendingIRQ), (40 bytes).
    Removing stm32f3xx_hal_cortex.o(.ARM.exidx.text.__NVIC_GetPendingIRQ), (8 bytes).
    Removing stm32f3xx_hal_cortex.o(.text.HAL_NVIC_ClearPendingIRQ), (4 bytes).
    Removing stm32f3xx_hal_cortex.o(.ARM.exidx.text.HAL_NVIC_ClearPendingIRQ), (8 bytes).
    Removing stm32f3xx_hal_cortex.o(.text.__NVIC_ClearPendingIRQ), (32 bytes).
    Removing stm32f3xx_hal_cortex.o(.ARM.exidx.text.__NVIC_ClearPendingIRQ), (8 bytes).
    Removing stm32f3xx_hal_cortex.o(.text.HAL_NVIC_GetActive), (4 bytes).
    Removing stm32f3xx_hal_cortex.o(.ARM.exidx.text.HAL_NVIC_GetActive), (8 bytes).
    Removing stm32f3xx_hal_cortex.o(.text.__NVIC_GetActive), (40 bytes).
    Removing stm32f3xx_hal_cortex.o(.ARM.exidx.text.__NVIC_GetActive), (8 bytes).
    Removing stm32f3xx_hal_cortex.o(.ARM.exidx.text.HAL_SYSTICK_CLKSourceConfig), (8 bytes).
    Removing stm32f3xx_hal_cortex.o(.text.HAL_SYSTICK_IRQHandler), (4 bytes).
    Removing stm32f3xx_hal_cortex.o(.ARM.exidx.text.HAL_SYSTICK_IRQHandler), (8 bytes).
    Removing stm32f3xx_hal_cortex.o(.text.HAL_SYSTICK_Callback), (2 bytes).
    Removing stm32f3xx_hal_cortex.o(.ARM.exidx.text.HAL_SYSTICK_Callback), (8 bytes).
    Removing stm32f3xx_it.o(.text), (0 bytes).
    Removing stm32f3xx_it.o(.ARM.exidx.text.EXTI0_IRQHandler), (8 bytes).
    Removing gpio_setup.o(.text), (0 bytes).
    Removing gpio_setup.o(.ARM.exidx.text.board_setup), (8 bytes).
    Removing gpio_setup.o(.ARM.exidx.text.SystemClock_Config), (8 bytes).
    Removing gpio_setup.o(.ARM.exidx.text.gpio_setup), (8 bytes).
    Removing gpio_setup.o(.ARM.exidx.text.assert_failed), (8 bytes).
    Removing system_stm32f3xx.o(.text), (0 bytes).
    Removing system_stm32f3xx.o(.ARM.exidx.text.SystemInit), (8 bytes).
    Removing system_stm32f3xx.o(.text.SystemCoreClockUpdate), (104 bytes).
    Removing system_stm32f3xx.o(.ARM.exidx.text.SystemCoreClockUpdate), (8 bytes).
    Removing system_stm32f3xx.o(.rodata.AHBPrescTable), (16 bytes).
    Removing system_stm32f3xx.o(.rodata.APBPrescTable), (8 bytes).
    Removing Unwind-EHABI.cpp.o(.text), (0 bytes).
    Removing Unwind-EHABI.cpp.o(.text.decode_eht_entry), (82 bytes).
    Removing Unwind-EHABI.cpp.o(.ARM.exidx.text.decode_eht_entry), (8 bytes).
    Removing Unwind-EHABI.cpp.o(.text._Unwind_VRS_Interpret), (556 bytes).
    Removing Unwind-EHABI.cpp.o(.ARM.exidx.text._Unwind_VRS_Interpret), (8 bytes).
    Removing Unwind-EHABI.cpp.o(.text._Unwind_VRS_Get), (88 bytes).
    Removing Unwind-EHABI.cpp.o(.ARM.exidx.text._Unwind_VRS_Get), (8 bytes).
    Removing Unwind-EHABI.cpp.o(.text._Unwind_VRS_Set), (90 bytes).
    Removing Unwind-EHABI.cpp.o(.ARM.exidx.text._Unwind_VRS_Set), (8 bytes).
    Removing Unwind-EHABI.cpp.o(.text._Unwind_VRS_Pop), (230 bytes).
    Removing Unwind-EHABI.cpp.o(.ARM.exidx.text._Unwind_VRS_Pop), (8 bytes).
    Removing Unwind-EHABI.cpp.o(.text.__aeabi_unwind_cpp_pr0), (8 bytes).
    Removing Unwind-EHABI.cpp.o(.ARM.exidx.text.__aeabi_unwind_cpp_pr0), (8 bytes).
    Removing Unwind-EHABI.cpp.o(.text._ZN12_GLOBAL__N_114unwindOneFrameEjP21_Unwind_Control_BlockP15_Unwind_Context), (56 bytes).
    Removing Unwind-EHABI.cpp.o(.ARM.exidx.text._ZN12_GLOBAL__N_114unwindOneFrameEjP21_Unwind_Control_BlockP15_Unwind_Context), (8 bytes).
    Removing Unwind-EHABI.cpp.o(.text.__aeabi_unwind_cpp_pr1), (8 bytes).
    Removing Unwind-EHABI.cpp.o(.ARM.exidx.text.__aeabi_unwind_cpp_pr1), (8 bytes).
    Removing Unwind-EHABI.cpp.o(.text.__aeabi_unwind_cpp_pr2), (8 bytes).
    Removing Unwind-EHABI.cpp.o(.ARM.exidx.text.__aeabi_unwind_cpp_pr2), (8 bytes).
    Removing Unwind-EHABI.cpp.o(.text._Unwind_RaiseException), (122 bytes).
    Removing Unwind-EHABI.cpp.o(.ARM.exidx.text._Unwind_RaiseException), (8 bytes).
    Removing Unwind-EHABI.cpp.o(.text._ZL13unwind_phase2P13unw_context_tP12unw_cursor_tP21_Unwind_Control_Blockb), (168 bytes).
    Removing Unwind-EHABI.cpp.o(.ARM.exidx.text._ZL13unwind_phase2P13unw_context_tP12unw_cursor_tP21_Unwind_Control_Blockb), (8 bytes).
    Removing Unwind-EHABI.cpp.o(.text._Unwind_Complete), (2 bytes).
    Removing Unwind-EHABI.cpp.o(.ARM.exidx.text._Unwind_Complete), (8 bytes).
    Removing Unwind-EHABI.cpp.o(.text._Unwind_Resume), (32 bytes).
    Removing Unwind-EHABI.cpp.o(.ARM.extab.text._Unwind_Resume), (12 bytes).
    Removing Unwind-EHABI.cpp.o(.ARM.exidx.text._Unwind_Resume), (8 bytes).
    Removing Unwind-EHABI.cpp.o(.text._Unwind_GetLanguageSpecificData), (24 bytes).
    Removing Unwind-EHABI.cpp.o(.ARM.exidx.text._Unwind_GetLanguageSpecificData), (8 bytes).
    Removing Unwind-EHABI.cpp.o(.text._Unwind_GetRegionStart), (24 bytes).
    Removing Unwind-EHABI.cpp.o(.ARM.exidx.text._Unwind_GetRegionStart), (8 bytes).
    Removing Unwind-EHABI.cpp.o(.text._Unwind_DeleteException), (12 bytes).
    Removing Unwind-EHABI.cpp.o(.ARM.exidx.text._Unwind_DeleteException), (8 bytes).
    Removing Unwind-EHABI.cpp.o(.text.__gnu_unwind_frame), (20 bytes).
    Removing Unwind-EHABI.cpp.o(.ARM.exidx.text.__gnu_unwind_frame), (8 bytes).
    Removing libunwind.cpp.o(.text), (0 bytes).
    Removing libunwind.cpp.o(.text.unw_init_local), (70 bytes).
    Removing libunwind.cpp.o(.ARM.exidx.text.unw_init_local), (8 bytes).
    Removing libunwind.cpp.o(.text.unw_get_reg), (44 bytes).
    Removing libunwind.cpp.o(.ARM.exidx.text.unw_get_reg), (8 bytes).
    Removing libunwind.cpp.o(.text.unw_set_reg), (64 bytes).
    Removing libunwind.cpp.o(.ARM.exidx.text.unw_set_reg), (8 bytes).
    Removing libunwind.cpp.o(.text.unw_get_fpreg), (46 bytes).
    Removing libunwind.cpp.o(.ARM.exidx.text.unw_get_fpreg), (8 bytes).
    Removing libunwind.cpp.o(.text.unw_set_fpreg), (54 bytes).
    Removing libunwind.cpp.o(.ARM.exidx.text.unw_set_fpreg), (8 bytes).
    Removing libunwind.cpp.o(.text.unw_step), (6 bytes).
    Removing libunwind.cpp.o(.ARM.exidx.text.unw_step), (8 bytes).
    Removing libunwind.cpp.o(.text.unw_get_proc_info), (30 bytes).
    Removing libunwind.cpp.o(.ARM.exidx.text.unw_get_proc_info), (8 bytes).
    Removing libunwind.cpp.o(.text.unw_resume), (18 bytes).
    Removing libunwind.cpp.o(.ARM.exidx.text.unw_resume), (8 bytes).
    Removing libunwind.cpp.o(.text.unw_get_proc_name), (30 bytes).
    Removing libunwind.cpp.o(.ARM.exidx.text.unw_get_proc_name), (8 bytes).
    Removing libunwind.cpp.o(.text.unw_is_fpreg), (10 bytes).
    Removing libunwind.cpp.o(.ARM.exidx.text.unw_is_fpreg), (8 bytes).
    Removing libunwind.cpp.o(.text.unw_regname), (6 bytes).
    Removing libunwind.cpp.o(.ARM.exidx.text.unw_regname), (8 bytes).
    Removing libunwind.cpp.o(.text.unw_is_signal_frame), (10 bytes).
    Removing libunwind.cpp.o(.ARM.exidx.text.unw_is_signal_frame), (8 bytes).
    Removing libunwind.cpp.o(.text.unw_save_vfp_as_X), (6 bytes).
    Removing libunwind.cpp.o(.ARM.exidx.text.unw_save_vfp_as_X), (8 bytes).
    Removing libunwind.cpp.o(.bss._ZN9libunwind17LocalAddressSpace17sThisAddressSpaceE), (1 bytes).
    Removing libunwind.cpp.o(.data.unw_local_addr_space), (4 bytes).
    Removing libunwind.cpp.o(.rodata.str1.1), (3 bytes).
    Removing UnwindRegistersSave.S.o(.text), (46 bytes).
    Removing UnwindRegistersRestore.S.o(.text), (38 bytes).
    Removing cw2.o(.ARM.exidx.text._ZN7ResultsC2Ev), (8 bytes).
    Removing libunwind.cpp.o(.text._ZN9libunwind20AbstractUnwindCursorD2Ev), (2 bytes).
    Removing libunwind.cpp.o(.ARM.exidx.text._ZN9libunwind20AbstractUnwindCursorD2Ev), (8 bytes).
    Removing libunwind.cpp.o(.text._ZN9libunwind12UnwindCursorINS_17LocalAddressSpaceENS_13Registers_armEED0Ev), (2 bytes).
    Removing libunwind.cpp.o(.ARM.exidx.text._ZN9libunwind12UnwindCursorINS_17LocalAddressSpaceENS_13Registers_armEED0Ev), (8 bytes).
    Removing libunwind.cpp.o(.text._ZN9libunwind12UnwindCursorINS_17LocalAddressSpaceENS_13Registers_armEE8validRegEi), (14 bytes).
    Removing libunwind.cpp.o(.ARM.exidx.text._ZN9libunwind12UnwindCursorINS_17LocalAddressSpaceENS_13Registers_armEE8validRegEi), (8 bytes).
    Removing libunwind.cpp.o(.text._ZN9libunwind12UnwindCursorINS_17LocalAddressSpaceENS_13Registers_armEE6getRegEi), (58 bytes).
    Removing libunwind.cpp.o(.ARM.exidx.text._ZN9libunwind12UnwindCursorINS_17LocalAddressSpaceENS_13Registers_armEE6getRegEi), (8 bytes).
    Removing libunwind.cpp.o(.text._ZN9libunwind12UnwindCursorINS_17LocalAddressSpaceENS_13Registers_armEE6setRegEij), (56 bytes).
    Removing libunwind.cpp.o(.ARM.exidx.text._ZN9libunwind12UnwindCursorINS_17LocalAddressSpaceENS_13Registers_armEE6setRegEij), (8 bytes).
    Removing libunwind.cpp.o(.text._ZN9libunwind12UnwindCursorINS_17LocalAddressSpaceENS_13Registers_armEE13validFloatRegEi), (16 bytes).
    Removing libunwind.cpp.o(.ARM.exidx.text._ZN9libunwind12UnwindCursorINS_17LocalAddressSpaceENS_13Registers_armEE13validFloatRegEi), (8 bytes).
    Removing libunwind.cpp.o(.text._ZN9libunwind12UnwindCursorINS_17LocalAddressSpaceENS_13Registers_armEE11getFloatRegEi), (100 bytes).
    Removing libunwind.cpp.o(.ARM.exidx.text._ZN9libunwind12UnwindCursorINS_17LocalAddressSpaceENS_13Registers_armEE11getFloatRegEi), (8 bytes).
    Removing libunwind.cpp.o(.text._ZN9libunwind12UnwindCursorINS_17LocalAddressSpaceENS_13Registers_armEE11setFloatRegEiy), (110 bytes).
    Removing libunwind.cpp.o(.ARM.exidx.text._ZN9libunwind12UnwindCursorINS_17LocalAddressSpaceENS_13Registers_armEE11setFloatRegEiy), (8 bytes).
    Removing libunwind.cpp.o(.text._ZN9libunwind12UnwindCursorINS_17LocalAddressSpaceENS_13Registers_armEE4stepEv), (82 bytes).
    Removing libunwind.cpp.o(.ARM.exidx.text._ZN9libunwind12UnwindCursorINS_17LocalAddressSpaceENS_13Registers_armEE4stepEv), (8 bytes).
    Removing libunwind.cpp.o(.text._ZN9libunwind12UnwindCursorINS_17LocalAddressSpaceENS_13Registers_armEE7getInfoEP15unw_proc_info_t), (42 bytes).
    Removing libunwind.cpp.o(.ARM.exidx.text._ZN9libunwind12UnwindCursorINS_17LocalAddressSpaceENS_13Registers_armEE7getInfoEP15unw_proc_info_t), (8 bytes).
    Removing libunwind.cpp.o(.text._ZN9libunwind12UnwindCursorINS_17LocalAddressSpaceENS_13Registers_armEE6jumptoEv), (22 bytes).
    Removing libunwind.cpp.o(.ARM.exidx.text._ZN9libunwind12UnwindCursorINS_17LocalAddressSpaceENS_13Registers_armEE6jumptoEv), (8 bytes).
    Removing libunwind.cpp.o(.text._ZN9libunwind12UnwindCursorINS_17LocalAddressSpaceENS_13Registers_armEE13isSignalFrameEv), (6 bytes).
    Removing libunwind.cpp.o(.ARM.exidx.text._ZN9libunwind12UnwindCursorINS_17LocalAddressSpaceENS_13Registers_armEE13isSignalFrameEv), (8 bytes).
    Removing libunwind.cpp.o(.text._ZN9libunwind12UnwindCursorINS_17LocalAddressSpaceENS_13Registers_armEE15getFunctionNameEPcjPj), (16 bytes).
    Removing libunwind.cpp.o(.ARM.exidx.text._ZN9libunwind12UnwindCursorINS_17LocalAddressSpaceENS_13Registers_armEE15getFunctionNameEPcjPj), (8 bytes).
    Removing libunwind.cpp.o(.text._ZN9libunwind12UnwindCursorINS_17LocalAddressSpaceENS_13Registers_armEE24setInfoBasedOnIPRegisterEb), (70 bytes).
    Removing libunwind.cpp.o(.ARM.exidx.text._ZN9libunwind12UnwindCursorINS_17LocalAddressSpaceENS_13Registers_armEE24setInfoBasedOnIPRegisterEb), (8 bytes).
    Removing libunwind.cpp.o(.text._ZN9libunwind12UnwindCursorINS_17LocalAddressSpaceENS_13Registers_armEE15getRegisterNameEi), (6 bytes).
    Removing libunwind.cpp.o(.ARM.exidx.text._ZN9libunwind12UnwindCursorINS_17LocalAddressSpaceENS_13Registers_armEE15getRegisterNameEi), (8 bytes).
    Removing libunwind.cpp.o(.text._ZN9libunwind12UnwindCursorINS_17LocalAddressSpaceENS_13Registers_armEE10saveVFPAsXEv), (8 bytes).
    Removing libunwind.cpp.o(.ARM.exidx.text._ZN9libunwind12UnwindCursorINS_17LocalAddressSpaceENS_13Registers_armEE10saveVFPAsXEv), (8 bytes).
    Removing libunwind.cpp.o(.text._ZN9libunwind12UnwindCursorINS_17LocalAddressSpaceENS_13Registers_armEE13stepWithEHABIEv), (48 bytes).
    Removing libunwind.cpp.o(.ARM.exidx.text._ZN9libunwind12UnwindCursorINS_17LocalAddressSpaceENS_13Registers_armEE13stepWithEHABIEv), (8 bytes).
    Removing libunwind.cpp.o(.text._ZN9libunwind13Registers_arm26restoreSavedFloatRegistersEv), (50 bytes).
    Removing libunwind.cpp.o(.ARM.exidx.text._ZN9libunwind13Registers_arm26restoreSavedFloatRegistersEv), (8 bytes).
    Removing libunwind.cpp.o(.text._ZN9libunwind12UnwindCursorINS_17LocalAddressSpaceENS_13Registers_armEE23getInfoFromEHABISectionEjRKNS_18UnwindInfoSectionsE), (400 bytes).
    Removing libunwind.cpp.o(.ARM.exidx.text._ZN9libunwind12UnwindCursorINS_17LocalAddressSpaceENS_13Registers_armEE23getInfoFromEHABISectionEjRKNS_18UnwindInfoSectionsE), (8 bytes).
    Removing libunwind.cpp.o(.text._ZNSt3__113__upper_boundIRNS_6__lessIjjEEN9libunwind20EHABISectionIteratorINS4_17LocalAddressSpaceEEEjEET0_S8_S8_RKT1_T_), (90 bytes).
    Removing libunwind.cpp.o(.ARM.exidx.text._ZNSt3__113__upper_boundIRNS_6__lessIjjEEN9libunwind20EHABISectionIteratorINS4_17LocalAddressSpaceEEEjEET0_S8_S8_RKT1_T_), (8 bytes).
    Removing libunwind.cpp.o(.text._ZN9libunwind13Registers_arm15getRegisterNameEi), (916 bytes).
    Removing libunwind.cpp.o(.ARM.exidx.text._ZN9libunwind13Registers_arm15getRegisterNameEi), (8 bytes).
    Removing libunwind.cpp.o(.rodata._ZTVN9libunwind12UnwindCursorINS_17LocalAddressSpaceENS_13Registers_armEEE), (72 bytes).

280 unused section(s) (total 7812 bytes) removed from the image.

==============================================================================

Image Symbol Table

    Local Symbols

    Symbol Name                              Value     Ov Type        Size  Object(Section)

    ../clib/angel/boardlib.s                 0x00000000   Number         0  boardinit3.o ABSOLUTE
    ../clib/angel/boardlib.s                 0x00000000   Number         0  boardinit1.o ABSOLUTE
    ../clib/angel/boardlib.s                 0x00000000   Number         0  boardinit2.o ABSOLUTE
    ../clib/angel/boardlib.s                 0x00000000   Number         0  boardshut.o ABSOLUTE
    ../clib/angel/handlers.s                 0x00000000   Number         0  __scatter_copy.o ABSOLUTE
    ../clib/angel/handlers.s                 0x00000000   Number         0  __scatter_zi.o ABSOLUTE
    ../clib/angel/kernel.s                   0x00000000   Number         0  __rtentry.o ABSOLUTE
    ../clib/angel/kernel.s                   0x00000000   Number         0  rtexit.o ABSOLUTE
    ../clib/angel/kernel.s                   0x00000000   Number         0  __rtentry2.o ABSOLUTE
    ../clib/angel/kernel.s                   0x00000000   Number         0  rtexit2.o ABSOLUTE
    ../clib/angel/kernel.s                   0x00000000   Number         0  __rtentry4.o ABSOLUTE
    ../clib/angel/rt.s                       0x00000000   Number         0  rt_raise.o ABSOLUTE
    ../clib/angel/rt.s                       0x00000000   Number         0  rt_errno_addr.o ABSOLUTE
    ../clib/angel/rt.s                       0x00000000   Number         0  rt_errno_addr_intlibspace.o ABSOLUTE
    ../clib/angel/scatter.s                  0x00000000   Number         0  __scatter.o ABSOLUTE
    ../clib/angel/startup.s                  0x00000000   Number         0  __main.o ABSOLUTE
    ../clib/angel/sys.s                      0x00000000   Number         0  use_no_semi.o ABSOLUTE
    ../clib/angel/sys.s                      0x00000000   Number         0  sys_stackheap_outer.o ABSOLUTE
    ../clib/angel/sys.s                      0x00000000   Number         0  indicate_semi.o ABSOLUTE
    ../clib/angel/sys.s                      0x00000000   Number         0  libspace.o ABSOLUTE
    ../clib/angel/sysapp.c                   0x00000000   Number         0  sys_command.o ABSOLUTE
    ../clib/angel/sysapp.c                   0x00000000   Number         0  sys_wrch_hlt.o ABSOLUTE
    ../clib/angel/sysapp.c                   0x00000000   Number         0  sys_wrch.o ABSOLUTE
    ../clib/angel/sysapp.c                   0x00000000   Number         0  sys_command_hlt.o ABSOLUTE
    ../clib/angel/sysapp.c                   0x00000000   Number         0  sys_exit.o ABSOLUTE
    ../clib/angel/sysapp.c                   0x00000000   Number         0  sys_exit_hlt.o ABSOLUTE
    ../clib/armsys.c                         0x00000000   Number         0  argv_veneer.o ABSOLUTE
    ../clib/armsys.c                         0x00000000   Number         0  argv_veneer.o ABSOLUTE
    ../clib/armsys.c                         0x00000000   Number         0  _get_argv_nomalloc.o ABSOLUTE
    ../clib/armsys.c                         0x00000000   Number         0  no_argv.o ABSOLUTE
    ../clib/fenv.c                           0x00000000   Number         0  _rserrno.o ABSOLUTE
    ../clib/heapalloc.c                      0x00000000   Number         0  hrguard.o ABSOLUTE
    ../clib/heapaux.c                        0x00000000   Number         0  heapauxi.o ABSOLUTE
    ../clib/libinit.s                        0x00000000   Number         0  libinit.o ABSOLUTE
    ../clib/libinit.s                        0x00000000   Number         0  libshutdown2.o ABSOLUTE
    ../clib/libinit.s                        0x00000000   Number         0  libshutdown.o ABSOLUTE
    ../clib/libinit.s                        0x00000000   Number         0  libinit2.o ABSOLUTE
    ../clib/memcpset.s                       0x00000000   Number         0  rt_memcpy_w.o ABSOLUTE
    ../clib/memcpset.s                       0x00000000   Number         0  rt_memclr_w.o ABSOLUTE
    ../clib/memcpset.s                       0x00000000   Number         0  rt_memcpy_v6.o ABSOLUTE
    ../clib/signal.c                         0x00000000   Number         0  defsig_exit.o ABSOLUTE
    ../clib/signal.c                         0x00000000   Number         0  defsig_pvfn_inner.o ABSOLUTE
    ../clib/signal.c                         0x00000000   Number         0  defsig_rtmem_inner.o ABSOLUTE
    ../clib/signal.c                         0x00000000   Number         0  defsig_rtred_inner.o ABSOLUTE
    ../clib/signal.c                         0x00000000   Number         0  defsig_fpe_inner.o ABSOLUTE
    ../clib/signal.c                         0x00000000   Number         0  defsig_cppl_inner.o ABSOLUTE
    ../clib/signal.c                         0x00000000   Number         0  defsig_stak_inner.o ABSOLUTE
    ../clib/signal.c                         0x00000000   Number         0  defsig_abrt_formal.o ABSOLUTE
    ../clib/signal.c                         0x00000000   Number         0  defsig_rtmem_formal.o ABSOLUTE
    ../clib/signal.c                         0x00000000   Number         0  defsig_rtmem_outer.o ABSOLUTE
    ../clib/signal.c                         0x00000000   Number         0  defsig_abrt_outer.o ABSOLUTE
    ../clib/signal.c                         0x00000000   Number         0  defsig_general.o ABSOLUTE
    ../clib/signal.c                         0x00000000   Number         0  defsig_other.o ABSOLUTE
    ../clib/signal.c                         0x00000000   Number         0  __raise.o ABSOLUTE
    ../clib/signal.c                         0x00000000   Number         0  defsig_segv_inner.o ABSOLUTE
    ../clib/signal.c                         0x00000000   Number         0  defsig_abrt_inner.o ABSOLUTE
    ../clib/signal.s                         0x00000000   Number         0  defsig.o ABSOLUTE
    ../clib/stdlib.c                         0x00000000   Number         0  abort.o ABSOLUTE
    ../clib/stdlib.c                         0x00000000   Number         0  exit.o ABSOLUTE
    ../fplib/daddsub.s                       0x00000000   Number         0  daddsub_clz.o ABSOLUTE
    ../fplib/dcmpi.s                         0x00000000   Number         0  dcmpi.o ABSOLUTE
    ../fplib/dfix.s                          0x00000000   Number         0  dfix.o ABSOLUTE
    ../fplib/dflt.s                          0x00000000   Number         0  dflt_clz.o ABSOLUTE
    ../fplib/dleqf.s                         0x00000000   Number         0  dleqf.o ABSOLUTE
    ../fplib/dnaninf.s                       0x00000000   Number         0  dnaninf.o ABSOLUTE
    ../fplib/dretinf.s                       0x00000000   Number         0  dretinf.o ABSOLUTE
    ../fplib/dsqrt.s                         0x00000000   Number         0  dsqrt_umaal.o ABSOLUTE
    ../fplib/fpinit.s                        0x00000000   Number         0  fpinit.o ABSOLUTE
    ../fplib/usenofp.s                       0x00000000   Number         0  usenofp.o ABSOLUTE
    ../mathlib/sqrt.c                        0x00000000   Number         0  sqrt_x.o ABSOLUTE
    ../mathlib/sqrt.c                        0x00000000   Number         0  sqrt.o ABSOLUTE
    LED.cpp                                  0x00000000   Number         0  led.o ABSOLUTE
    Process.cpp                              0x00000000   Number         0  process.o ABSOLUTE
    RTE\Device\STM32F303VCTx\startup_stm32f303xc.s 0x00000000   Number         0  startup_stm32f303xc.o ABSOLUTE
    Results.cpp                              0x00000000   Number         0  results.o ABSOLUTE
    System.cpp                               0x00000000   Number         0  system.o ABSOLUTE
    Unwind-EHABI.cpp                         0x00000000   Number         0  Unwind-EHABI.cpp.o ABSOLUTE
    cw2.cpp                                  0x00000000   Number         0  cw2.o ABSOLUTE
    dc.s                                     0x00000000   Number         0  dc.o ABSOLUTE
    gpio_setup.c                             0x00000000   Number         0  gpio_setup.o ABSOLUTE
    libunwind.cpp                            0x00000000   Number         0  libunwind.cpp.o ABSOLUTE
    stm32f3xx_hal.c                          0x00000000   Number         0  stm32f3xx_hal.o ABSOLUTE
    stm32f3xx_hal_cortex.c                   0x00000000   Number         0  stm32f3xx_hal_cortex.o ABSOLUTE
    stm32f3xx_hal_gpio.c                     0x00000000   Number         0  stm32f3xx_hal_gpio.o ABSOLUTE
    stm32f3xx_hal_msp.c                      0x00000000   Number         0  stm32f3xx_hal_msp.o ABSOLUTE
    stm32f3xx_hal_rcc.c                      0x00000000   Number         0  stm32f3xx_hal_rcc.o ABSOLUTE
    stm32f3xx_it.c                           0x00000000   Number         0  stm32f3xx_it.o ABSOLUTE
    system_stm32f3xx.c                       0x00000000   Number         0  system_stm32f3xx.o ABSOLUTE
    RESET                                    0x08000000   Section      392  startup_stm32f303xc.o(RESET)
    !!!main                                  0x08000188   Section        8  __main.o(!!!main)
    !!!scatter                               0x08000190   Section       52  __scatter.o(!!!scatter)
    !!handler_copy                           0x080001c4   Section       26  __scatter_copy.o(!!handler_copy)
    !!handler_zi                             0x080001e0   Section       28  __scatter_zi.o(!!handler_zi)
    .ARM.Collect$$libinit$$00000000          0x080001fc   Section        2  libinit.o(.ARM.Collect$$libinit$$00000000)
    .ARM.Collect$$libinit$$00000001          0x080001fe   Section        4  libinit2.o(.ARM.Collect$$libinit$$00000001)
    .ARM.Collect$$libinit$$00000004          0x08000202   Section        0  libinit2.o(.ARM.Collect$$libinit$$00000004)
    .ARM.Collect$$libinit$$0000000A          0x08000202   Section        0  libinit2.o(.ARM.Collect$$libinit$$0000000A)
    .ARM.Collect$$libinit$$0000000C          0x08000202   Section        0  libinit2.o(.ARM.Collect$$libinit$$0000000C)
    .ARM.Collect$$libinit$$0000000E          0x08000202   Section        0  libinit2.o(.ARM.Collect$$libinit$$0000000E)
    .ARM.Collect$$libinit$$00000011          0x08000202   Section        0  libinit2.o(.ARM.Collect$$libinit$$00000011)
    .ARM.Collect$$libinit$$00000013          0x08000202   Section        0  libinit2.o(.ARM.Collect$$libinit$$00000013)
    .ARM.Collect$$libinit$$00000015          0x08000202   Section        0  libinit2.o(.ARM.Collect$$libinit$$00000015)
    .ARM.Collect$$libinit$$00000017          0x08000202   Section        0  libinit2.o(.ARM.Collect$$libinit$$00000017)
    .ARM.Collect$$libinit$$00000019          0x08000202   Section        0  libinit2.o(.ARM.Collect$$libinit$$00000019)
    .ARM.Collect$$libinit$$0000001B          0x08000202   Section        0  libinit2.o(.ARM.Collect$$libinit$$0000001B)
    .ARM.Collect$$libinit$$0000001D          0x08000202   Section        0  libinit2.o(.ARM.Collect$$libinit$$0000001D)
    .ARM.Collect$$libinit$$0000001F          0x08000202   Section        0  libinit2.o(.ARM.Collect$$libinit$$0000001F)
    .ARM.Collect$$libinit$$00000021          0x08000202   Section        0  libinit2.o(.ARM.Collect$$libinit$$00000021)
    .ARM.Collect$$libinit$$00000023          0x08000202   Section        0  libinit2.o(.ARM.Collect$$libinit$$00000023)
    .ARM.Collect$$libinit$$00000025          0x08000202   Section        0  libinit2.o(.ARM.Collect$$libinit$$00000025)
    .ARM.Collect$$libinit$$0000002C          0x08000202   Section        0  libinit2.o(.ARM.Collect$$libinit$$0000002C)
    .ARM.Collect$$libinit$$0000002E          0x08000202   Section        0  libinit2.o(.ARM.Collect$$libinit$$0000002E)
    .ARM.Collect$$libinit$$00000030          0x08000202   Section        0  libinit2.o(.ARM.Collect$$libinit$$00000030)
    .ARM.Collect$$libinit$$00000032          0x08000202   Section        0  libinit2.o(.ARM.Collect$$libinit$$00000032)
    .ARM.Collect$$libinit$$00000033          0x08000202   Section        2  libinit2.o(.ARM.Collect$$libinit$$00000033)
    .ARM.Collect$$libshutdown$$00000000      0x08000204   Section        2  libshutdown.o(.ARM.Collect$$libshutdown$$00000000)
    .ARM.Collect$$libshutdown$$00000002      0x08000206   Section        0  libshutdown2.o(.ARM.Collect$$libshutdown$$00000002)
    .ARM.Collect$$libshutdown$$00000004      0x08000206   Section        0  libshutdown2.o(.ARM.Collect$$libshutdown$$00000004)
    .ARM.Collect$$libshutdown$$00000007      0x08000206   Section        0  libshutdown2.o(.ARM.Collect$$libshutdown$$00000007)
    .ARM.Collect$$libshutdown$$0000000A      0x08000206   Section        0  libshutdown2.o(.ARM.Collect$$libshutdown$$0000000A)
    .ARM.Collect$$libshutdown$$0000000C      0x08000206   Section        0  libshutdown2.o(.ARM.Collect$$libshutdown$$0000000C)
    .ARM.Collect$$libshutdown$$0000000F      0x08000206   Section        0  libshutdown2.o(.ARM.Collect$$libshutdown$$0000000F)
    .ARM.Collect$$libshutdown$$00000010      0x08000206   Section        2  libshutdown2.o(.ARM.Collect$$libshutdown$$00000010)
    .ARM.Collect$$rtentry$$00000000          0x08000208   Section        0  __rtentry.o(.ARM.Collect$$rtentry$$00000000)
    .ARM.Collect$$rtentry$$00000002          0x08000208   Section        0  __rtentry2.o(.ARM.Collect$$rtentry$$00000002)
    .ARM.Collect$$rtentry$$00000004          0x08000208   Section        6  __rtentry4.o(.ARM.Collect$$rtentry$$00000004)
    .ARM.Collect$$rtentry$$00000009          0x0800020e   Section        0  __rtentry2.o(.ARM.Collect$$rtentry$$00000009)
    .ARM.Collect$$rtentry$$0000000A          0x0800020e   Section        4  __rtentry2.o(.ARM.Collect$$rtentry$$0000000A)
    .ARM.Collect$$rtentry$$0000000C          0x08000212   Section        0  __rtentry2.o(.ARM.Collect$$rtentry$$0000000C)
    .ARM.Collect$$rtentry$$0000000D          0x08000212   Section        8  __rtentry2.o(.ARM.Collect$$rtentry$$0000000D)
    .ARM.Collect$$rtexit$$00000000           0x0800021a   Section        2  rtexit.o(.ARM.Collect$$rtexit$$00000000)
    .ARM.Collect$$rtexit$$00000002           0x0800021c   Section        0  rtexit2.o(.ARM.Collect$$rtexit$$00000002)
    .ARM.Collect$$rtexit$$00000003           0x0800021c   Section        4  rtexit2.o(.ARM.Collect$$rtexit$$00000003)
    .ARM.Collect$$rtexit$$00000004           0x08000220   Section        6  rtexit2.o(.ARM.Collect$$rtexit$$00000004)
    .text                                    0x08000228   Section       64  startup_stm32f303xc.o(.text)
    $v0                                      0x08000228   Number         0  startup_stm32f303xc.o(.text)
    .text                                    0x08000268   Section        0  heapauxi.o(.text)
    .text                                    0x0800026e   Section        0  _rserrno.o(.text)
    .text                                    0x08000284   Section        0  sys_exit.o(.text)
    .text                                    0x08000290   Section        8  rt_errno_addr_intlibspace.o(.text)
    .text                                    0x08000298   Section        8  libspace.o(.text)
    .text                                    0x080002a0   Section        2  use_no_semi.o(.text)
    .text                                    0x080002a2   Section       74  sys_stackheap_outer.o(.text)
    .text                                    0x080002a2   Section        0  indicate_semi.o(.text)
    .text                                    0x080002ec   Section        0  exit.o(.text)
    [Anonymous Symbol]                       0x08000300   Section        0  stm32f3xx_it.o(.text.EXTI0_IRQHandler)
    [Anonymous Symbol]                       0x08000308   Section        0  stm32f3xx_hal.o(.text.HAL_Delay)
    [Anonymous Symbol]                       0x08000324   Section        0  cw2.o(.text.HAL_GPIO_EXTI_Callback)
    [Anonymous Symbol]                       0x08000338   Section        0  stm32f3xx_hal_gpio.o(.text.HAL_GPIO_EXTI_IRQHandler)
    [Anonymous Symbol]                       0x08000350   Section        0  stm32f3xx_hal_gpio.o(.text.HAL_GPIO_Init)
    [Anonymous Symbol]                       0x08000624   Section        0  stm32f3xx_hal.o(.text.HAL_GetTick)
    [Anonymous Symbol]                       0x08000630   Section        0  stm32f3xx_hal.o(.text.HAL_IncTick)
    [Anonymous Symbol]                       0x08000640   Section        0  stm32f3xx_hal.o(.text.HAL_Init)
    [Anonymous Symbol]                       0x08000668   Section        0  stm32f3xx_hal.o(.text.HAL_InitTick)
    [Anonymous Symbol]                       0x08000694   Section        0  stm32f3xx_hal_msp.o(.text.HAL_MspInit)
    [Anonymous Symbol]                       0x080006fc   Section        0  stm32f3xx_hal_cortex.o(.text.HAL_NVIC_EnableIRQ)
    [Anonymous Symbol]                       0x08000720   Section        0  stm32f3xx_hal_cortex.o(.text.HAL_NVIC_SetPriority)
    [Anonymous Symbol]                       0x08000764   Section        0  stm32f3xx_hal_cortex.o(.text.HAL_NVIC_SetPriorityGrouping)
    [Anonymous Symbol]                       0x08000788   Section        0  stm32f3xx_hal_rcc.o(.text.HAL_RCC_ClockConfig)
    [Anonymous Symbol]                       0x08000af8   Section        0  stm32f3xx_hal_rcc.o(.text.HAL_RCC_GetHCLKFreq)
    [Anonymous Symbol]                       0x08000b24   Section        0  stm32f3xx_hal_rcc.o(.text.HAL_RCC_GetSysClockFreq)
    [Anonymous Symbol]                       0x08000b7c   Section        0  stm32f3xx_hal_rcc.o(.text.HAL_RCC_OscConfig)
    [Anonymous Symbol]                       0x080010b8   Section        0  stm32f3xx_hal_cortex.o(.text.HAL_SYSTICK_CLKSourceConfig)
    [Anonymous Symbol]                       0x080010f0   Section        0  stm32f3xx_hal_cortex.o(.text.HAL_SYSTICK_Config)
    [Anonymous Symbol]                       0x080010f4   Section        0  stm32f3xx_hal_cortex.o(.text.NVIC_EncodePriority)
    NVIC_EncodePriority                      0x080010f5   Thumb Code    54  stm32f3xx_hal_cortex.o(.text.NVIC_EncodePriority)
    [Anonymous Symbol]                       0x0800112c   Section        0  stm32f3xx_hal_cortex.o(.text.SysTick_Config)
    SysTick_Config                           0x0800112d   Thumb Code    48  stm32f3xx_hal_cortex.o(.text.SysTick_Config)
    [Anonymous Symbol]                       0x0800115c   Section        0  cw2.o(.text.SysTick_Handler)
    [Anonymous Symbol]                       0x08001160   Section        0  gpio_setup.o(.text.SystemClock_Config)
    [Anonymous Symbol]                       0x080011c4   Section        0  system_stm32f3xx.o(.text.SystemInit)
    [Anonymous Symbol]                       0x08001234   Section        0  cw2.o(.text._ZL14SysTick_Configj)
    _ZL14SysTick_Configj                     0x08001235   Thumb Code    34  cw2.o(.text._ZL14SysTick_Configj)
    [Anonymous Symbol]                       0x08001258   Section        0  cw2.o(.text._ZL18__NVIC_SetPriority9IRQn_Typej)
    _ZL18__NVIC_SetPriority9IRQn_Typej       0x08001259   Thumb Code    14  cw2.o(.text._ZL18__NVIC_SetPriority9IRQn_Typej)
    [Anonymous Symbol]                       0x08001268   Section        0  led.o(.text._ZN4LEDs2onEv)
    [Anonymous Symbol]                       0x0800127c   Section        0  led.o(.text._ZN4LEDs3offEv)
    [Anonymous Symbol]                       0x08001290   Section        0  led.o(.text._ZN4LEDs6toggleEv)
    [Anonymous Symbol]                       0x080012a4   Section        0  led.o(.text._ZN4LEDsC2Et)
    [Anonymous Symbol]                       0x080012b4   Section        0  system.o(.text._ZN6System10runProcessER7ProcessR7ResultsR4LEDsS5_S5_S5_b)
    [Anonymous Symbol]                       0x08001328   Section        0  system.o(.text._ZN6System10setTimeoutER4LEDsS1_b)
    [Anonymous Symbol]                       0x08001358   Section        0  system.o(.text._ZN6SystemC2Ejj)
    [Anonymous Symbol]                       0x08001364   Section        0  process.o(.text._ZN7Process10ProcessRowEv)
    [Anonymous Symbol]                       0x080013dc   Section        0  process.o(.text._ZN7Process7NextRowEv)
    [Anonymous Symbol]                       0x080013f4   Section        0  process.o(.text._ZN7ProcessC2EPajj)
    [Anonymous Symbol]                       0x08001400   Section        0  results.o(.text._ZN7Results11StoreResultEi)
    [Anonymous Symbol]                       0x08001410   Section        0  results.o(.text._ZN7Results12EmptyResultsEv)
    [Anonymous Symbol]                       0x08001418   Section        0  cw2.o(.text._ZN7ResultsC2Ev)
    [Anonymous Symbol]                       0x08001420   Section        0  stm32f3xx_hal_cortex.o(.text.__NVIC_EnableIRQ)
    __NVIC_EnableIRQ                         0x08001421   Thumb Code    32  stm32f3xx_hal_cortex.o(.text.__NVIC_EnableIRQ)
    [Anonymous Symbol]                       0x08001440   Section        0  stm32f3xx_hal_cortex.o(.text.__NVIC_GetPriorityGrouping)
    __NVIC_GetPriorityGrouping               0x08001441   Thumb Code    16  stm32f3xx_hal_cortex.o(.text.__NVIC_GetPriorityGrouping)
    [Anonymous Symbol]                       0x08001450   Section        0  stm32f3xx_hal_cortex.o(.text.__NVIC_SetPriority)
    __NVIC_SetPriority                       0x08001451   Thumb Code    34  stm32f3xx_hal_cortex.o(.text.__NVIC_SetPriority)
    [Anonymous Symbol]                       0x08001474   Section        0  stm32f3xx_hal_cortex.o(.text.__NVIC_SetPriorityGrouping)
    __NVIC_SetPriorityGrouping               0x08001475   Thumb Code    32  stm32f3xx_hal_cortex.o(.text.__NVIC_SetPriorityGrouping)
    [Anonymous Symbol]                       0x08001494   Section        0  gpio_setup.o(.text.assert_failed)
    [Anonymous Symbol]                       0x08001498   Section        0  gpio_setup.o(.text.board_setup)
    [Anonymous Symbol]                       0x080014ac   Section        0  gpio_setup.o(.text.gpio_setup)
    [Anonymous Symbol]                       0x0800152c   Section        0  cw2.o(.text.main)
    i.__hardfp_sqrt                          0x08001638   Section        0  sqrt.o(i.__hardfp_sqrt)
    x$fpl$dadd                               0x080016b4   Section      336  daddsub_clz.o(x$fpl$dadd)
    $v0                                      0x080016b4   Number         0  daddsub_clz.o(x$fpl$dadd)
    _dadd1                                   0x080016c5   Thumb Code     0  daddsub_clz.o(x$fpl$dadd)
    x$fpl$dfix                               0x08001804   Section       94  dfix.o(x$fpl$dfix)
    $v0                                      0x08001804   Number         0  dfix.o(x$fpl$dfix)
    x$fpl$dflt                               0x08001862   Section       46  dflt_clz.o(x$fpl$dflt)
    $v0                                      0x08001862   Number         0  dflt_clz.o(x$fpl$dflt)
    x$fpl$dnaninf                            0x08001890   Section      156  dnaninf.o(x$fpl$dnaninf)
    $v0                                      0x08001890   Number         0  dnaninf.o(x$fpl$dnaninf)
    x$fpl$dretinf                            0x0800192c   Section       12  dretinf.o(x$fpl$dretinf)
    $v0                                      0x0800192c   Number         0  dretinf.o(x$fpl$dretinf)
    x$fpl$dsqrt                              0x08001938   Section      408  dsqrt_umaal.o(x$fpl$dsqrt)
    $v0                                      0x08001938   Number         0  dsqrt_umaal.o(x$fpl$dsqrt)
    x$fpl$dsub                               0x08001ad0   Section      468  daddsub_clz.o(x$fpl$dsub)
    $v0                                      0x08001ad0   Number         0  daddsub_clz.o(x$fpl$dsub)
    _dsub1                                   0x08001ae1   Thumb Code     0  daddsub_clz.o(x$fpl$dsub)
    x$fpl$fpinit                             0x08001ca4   Section       26  fpinit.o(x$fpl$fpinit)
    $v0                                      0x08001ca4   Number         0  fpinit.o(x$fpl$fpinit)
    x$fpl$usenofp                            0x08001cbe   Section        0  usenofp.o(x$fpl$usenofp)
    [Anonymous Symbol]                       0x08001cee   Section        0  stm32f3xx_hal_gpio.o(.rodata.str1.1)
    .L.str                                   0x08001cee   Data          54  stm32f3xx_hal_gpio.o(.rodata.str1.1)
    [Anonymous Symbol]                       0x08001d24   Section        0  stm32f3xx_hal_rcc.o(.rodata.str1.1)
    .L.str                                   0x08001d24   Data          53  stm32f3xx_hal_rcc.o(.rodata.str1.1)
    [Anonymous Symbol]                       0x08001d59   Section        0  stm32f3xx_hal_cortex.o(.rodata.str1.1)
    .L.str                                   0x08001d59   Data          56  stm32f3xx_hal_cortex.o(.rodata.str1.1)
    .bss                                     0x20000148   Section       96  libspace.o(.bss)
    [Anonymous Symbol]                       0x200001ac   Section        0  stm32f3xx_hal.o(.bss.uwTick)
    uwTick                                   0x200001ac   Data           4  stm32f3xx_hal.o(.bss.uwTick)
    HEAP                                     0x200001b0   Section      512  startup_stm32f303xc.o(HEAP)
    Heap_Mem                                 0x200001b0   Data         512  startup_stm32f303xc.o(HEAP)
    STACK                                    0x200003b0   Section     1024  startup_stm32f303xc.o(STACK)
    Stack_Mem                                0x200003b0   Data        1024  startup_stm32f303xc.o(STACK)
    __initial_sp                             0x200007b0   Data           0  startup_stm32f303xc.o(STACK)

    Global Symbols

    Symbol Name                              Value     Ov Type        Size  Object(Section)

    BuildAttributes$$THM_ISAv4$E$P$D$K$B$S$7EM$VFPi3$EXTD16$VFPS$VFMA$PE$A:L22UL41UL21$X:L11$S22US41US21$IEEE1$IW$~IW$USESV6$~STKCKD$USESV7$~SHL$OTIME$ROPI$IEEEJ$EBA8$UX$STANDARDLIB$REQ8$EABIv2 0x00000000   Number         0  anon$$obj.o ABSOLUTE
    SHT$$ARM_EXIDX$$Base                      - Undefined Reference
    SHT$$ARM_EXIDX$$Limit                     - Undefined Reference
    __ARM_exceptions_init                     - Undefined Weak Reference
    __alloca_initialize                       - Undefined Weak Reference
    __arm_preinit_                            - Undefined Weak Reference
    __cpp_initialize__aeabi_                  - Undefined Weak Reference
    __cxa_finalize                            - Undefined Weak Reference
    __decompress                              - Undefined Weak Reference
    __rt_locale                               - Undefined Weak Reference
    __sigvec_lookup                           - Undefined Weak Reference
    _atexit_init                              - Undefined Weak Reference
    _call_atexit_fns                          - Undefined Weak Reference
    _clock_init                               - Undefined Weak Reference
    _fp_trap_init                             - Undefined Weak Reference
    _fp_trap_shutdown                         - Undefined Weak Reference
    _get_lc_collate                           - Undefined Weak Reference
    _get_lc_ctype                             - Undefined Weak Reference
    _get_lc_monetary                          - Undefined Weak Reference
    _get_lc_numeric                           - Undefined Weak Reference
    _get_lc_time                              - Undefined Weak Reference
    _getenv_init                              - Undefined Weak Reference
    _handle_redirection                       - Undefined Weak Reference
    _init_alloc                               - Undefined Weak Reference
    _init_user_alloc                          - Undefined Weak Reference
    _initio                                   - Undefined Weak Reference
    _rand_init                                - Undefined Weak Reference
    _signal_finish                            - Undefined Weak Reference
    _signal_init                              - Undefined Weak Reference
    _terminate_alloc                          - Undefined Weak Reference
    _terminate_user_alloc                     - Undefined Weak Reference
    _terminateio                              - Undefined Weak Reference
    __Vectors_Size                           0x00000188   Number         0  startup_stm32f303xc.o ABSOLUTE
    __Vectors                                0x08000000   Data           4  startup_stm32f303xc.o(RESET)
    __Vectors_End                            0x08000188   Data           0  startup_stm32f303xc.o(RESET)
    __main                                   0x08000189   Thumb Code     8  __main.o(!!!main)
    __scatterload                            0x08000191   Thumb Code     0  __scatter.o(!!!scatter)
    __scatterload_rt2                        0x08000191   Thumb Code    44  __scatter.o(!!!scatter)
    __scatterload_rt2_thumb_only             0x08000191   Thumb Code     0  __scatter.o(!!!scatter)
    __scatterload_null                       0x0800019f   Thumb Code     0  __scatter.o(!!!scatter)
    __scatterload_copy                       0x080001c5   Thumb Code    26  __scatter_copy.o(!!handler_copy)
    __scatterload_zeroinit                   0x080001e1   Thumb Code    28  __scatter_zi.o(!!handler_zi)
    __rt_lib_init                            0x080001fd   Thumb Code     0  libinit.o(.ARM.Collect$$libinit$$00000000)
    __rt_lib_init_fp_1                       0x080001ff   Thumb Code     0  libinit2.o(.ARM.Collect$$libinit$$00000001)
    __rt_lib_init_alloca_1                   0x08000203   Thumb Code     0  libinit2.o(.ARM.Collect$$libinit$$0000002E)
    __rt_lib_init_argv_1                     0x08000203   Thumb Code     0  libinit2.o(.ARM.Collect$$libinit$$0000002C)
    __rt_lib_init_atexit_1                   0x08000203   Thumb Code     0  libinit2.o(.ARM.Collect$$libinit$$0000001B)
    __rt_lib_init_clock_1                    0x08000203   Thumb Code     0  libinit2.o(.ARM.Collect$$libinit$$00000021)
    __rt_lib_init_cpp_1                      0x08000203   Thumb Code     0  libinit2.o(.ARM.Collect$$libinit$$00000032)
    __rt_lib_init_exceptions_1               0x08000203   Thumb Code     0  libinit2.o(.ARM.Collect$$libinit$$00000030)
    __rt_lib_init_fp_trap_1                  0x08000203   Thumb Code     0  libinit2.o(.ARM.Collect$$libinit$$0000001F)
    __rt_lib_init_getenv_1                   0x08000203   Thumb Code     0  libinit2.o(.ARM.Collect$$libinit$$00000023)
    __rt_lib_init_heap_1                     0x08000203   Thumb Code     0  libinit2.o(.ARM.Collect$$libinit$$0000000A)
    __rt_lib_init_lc_collate_1               0x08000203   Thumb Code     0  libinit2.o(.ARM.Collect$$libinit$$00000011)
    __rt_lib_init_lc_ctype_1                 0x08000203   Thumb Code     0  libinit2.o(.ARM.Collect$$libinit$$00000013)
    __rt_lib_init_lc_monetary_1              0x08000203   Thumb Code     0  libinit2.o(.ARM.Collect$$libinit$$00000015)
    __rt_lib_init_lc_numeric_1               0x08000203   Thumb Code     0  libinit2.o(.ARM.Collect$$libinit$$00000017)
    __rt_lib_init_lc_time_1                  0x08000203   Thumb Code     0  libinit2.o(.ARM.Collect$$libinit$$00000019)
    __rt_lib_init_preinit_1                  0x08000203   Thumb Code     0  libinit2.o(.ARM.Collect$$libinit$$00000004)
    __rt_lib_init_rand_1                     0x08000203   Thumb Code     0  libinit2.o(.ARM.Collect$$libinit$$0000000E)
    __rt_lib_init_return                     0x08000203   Thumb Code     0  libinit2.o(.ARM.Collect$$libinit$$00000033)
    __rt_lib_init_signal_1                   0x08000203   Thumb Code     0  libinit2.o(.ARM.Collect$$libinit$$0000001D)
    __rt_lib_init_stdio_1                    0x08000203   Thumb Code     0  libinit2.o(.ARM.Collect$$libinit$$00000025)
    __rt_lib_init_user_alloc_1               0x08000203   Thumb Code     0  libinit2.o(.ARM.Collect$$libinit$$0000000C)
    __rt_lib_shutdown                        0x08000205   Thumb Code     0  libshutdown.o(.ARM.Collect$$libshutdown$$00000000)
    __rt_lib_shutdown_cpp_1                  0x08000207   Thumb Code     0  libshutdown2.o(.ARM.Collect$$libshutdown$$00000002)
    __rt_lib_shutdown_fp_trap_1              0x08000207   Thumb Code     0  libshutdown2.o(.ARM.Collect$$libshutdown$$00000007)
    __rt_lib_shutdown_heap_1                 0x08000207   Thumb Code     0  libshutdown2.o(.ARM.Collect$$libshutdown$$0000000F)
    __rt_lib_shutdown_return                 0x08000207   Thumb Code     0  libshutdown2.o(.ARM.Collect$$libshutdown$$00000010)
    __rt_lib_shutdown_signal_1               0x08000207   Thumb Code     0  libshutdown2.o(.ARM.Collect$$libshutdown$$0000000A)
    __rt_lib_shutdown_stdio_1                0x08000207   Thumb Code     0  libshutdown2.o(.ARM.Collect$$libshutdown$$00000004)
    __rt_lib_shutdown_user_alloc_1           0x08000207   Thumb Code     0  libshutdown2.o(.ARM.Collect$$libshutdown$$0000000C)
    __rt_entry                               0x08000209   Thumb Code     0  __rtentry.o(.ARM.Collect$$rtentry$$00000000)
    __rt_entry_presh_1                       0x08000209   Thumb Code     0  __rtentry2.o(.ARM.Collect$$rtentry$$00000002)
    __rt_entry_sh                            0x08000209   Thumb Code     0  __rtentry4.o(.ARM.Collect$$rtentry$$00000004)
    __rt_entry_li                            0x0800020f   Thumb Code     0  __rtentry2.o(.ARM.Collect$$rtentry$$0000000A)
    __rt_entry_postsh_1                      0x0800020f   Thumb Code     0  __rtentry2.o(.ARM.Collect$$rtentry$$00000009)
    __rt_entry_main                          0x08000213   Thumb Code     0  __rtentry2.o(.ARM.Collect$$rtentry$$0000000D)
    __rt_entry_postli_1                      0x08000213   Thumb Code     0  __rtentry2.o(.ARM.Collect$$rtentry$$0000000C)
    __rt_exit                                0x0800021b   Thumb Code     0  rtexit.o(.ARM.Collect$$rtexit$$00000000)
    __rt_exit_ls                             0x0800021d   Thumb Code     0  rtexit2.o(.ARM.Collect$$rtexit$$00000003)
    __rt_exit_prels_1                        0x0800021d   Thumb Code     0  rtexit2.o(.ARM.Collect$$rtexit$$00000002)
    __rt_exit_exit                           0x08000221   Thumb Code     0  rtexit2.o(.ARM.Collect$$rtexit$$00000004)
    Reset_Handler                            0x08000229   Thumb Code     8  startup_stm32f303xc.o(.text)
    NMI_Handler                              0x08000231   Thumb Code     2  startup_stm32f303xc.o(.text)
    HardFault_Handler                        0x08000233   Thumb Code     2  startup_stm32f303xc.o(.text)
    MemManage_Handler                        0x08000235   Thumb Code     2  startup_stm32f303xc.o(.text)
    BusFault_Handler                         0x08000237   Thumb Code     2  startup_stm32f303xc.o(.text)
    UsageFault_Handler                       0x08000239   Thumb Code     2  startup_stm32f303xc.o(.text)
    SVC_Handler                              0x0800023b   Thumb Code     2  startup_stm32f303xc.o(.text)
    DebugMon_Handler                         0x0800023d   Thumb Code     2  startup_stm32f303xc.o(.text)
    PendSV_Handler                           0x0800023f   Thumb Code     2  startup_stm32f303xc.o(.text)
    ADC1_2_IRQHandler                        0x08000243   Thumb Code     0  startup_stm32f303xc.o(.text)
    ADC3_IRQHandler                          0x08000243   Thumb Code     0  startup_stm32f303xc.o(.text)
    ADC4_IRQHandler                          0x08000243   Thumb Code     0  startup_stm32f303xc.o(.text)
    CAN_RX1_IRQHandler                       0x08000243   Thumb Code     0  startup_stm32f303xc.o(.text)
    CAN_SCE_IRQHandler                       0x08000243   Thumb Code     0  startup_stm32f303xc.o(.text)
    COMP1_2_3_IRQHandler                     0x08000243   Thumb Code     0  startup_stm32f303xc.o(.text)
    COMP4_5_6_IRQHandler                     0x08000243   Thumb Code     0  startup_stm32f303xc.o(.text)
    COMP7_IRQHandler                         0x08000243   Thumb Code     0  startup_stm32f303xc.o(.text)
    DMA1_Channel1_IRQHandler                 0x08000243   Thumb Code     0  startup_stm32f303xc.o(.text)
    DMA1_Channel2_IRQHandler                 0x08000243   Thumb Code     0  startup_stm32f303xc.o(.text)
    DMA1_Channel3_IRQHandler                 0x08000243   Thumb Code     0  startup_stm32f303xc.o(.text)
    DMA1_Channel4_IRQHandler                 0x08000243   Thumb Code     0  startup_stm32f303xc.o(.text)
    DMA1_Channel5_IRQHandler                 0x08000243   Thumb Code     0  startup_stm32f303xc.o(.text)
    DMA1_Channel6_IRQHandler                 0x08000243   Thumb Code     0  startup_stm32f303xc.o(.text)
    DMA1_Channel7_IRQHandler                 0x08000243   Thumb Code     0  startup_stm32f303xc.o(.text)
    DMA2_Channel1_IRQHandler                 0x08000243   Thumb Code     0  startup_stm32f303xc.o(.text)
    DMA2_Channel2_IRQHandler                 0x08000243   Thumb Code     0  startup_stm32f303xc.o(.text)
    DMA2_Channel3_IRQHandler                 0x08000243   Thumb Code     0  startup_stm32f303xc.o(.text)
    DMA2_Channel4_IRQHandler                 0x08000243   Thumb Code     0  startup_stm32f303xc.o(.text)
    DMA2_Channel5_IRQHandler                 0x08000243   Thumb Code     0  startup_stm32f303xc.o(.text)
    EXTI15_10_IRQHandler                     0x08000243   Thumb Code     0  startup_stm32f303xc.o(.text)
    EXTI1_IRQHandler                         0x08000243   Thumb Code     0  startup_stm32f303xc.o(.text)
    EXTI2_TSC_IRQHandler                     0x08000243   Thumb Code     0  startup_stm32f303xc.o(.text)
    EXTI3_IRQHandler                         0x08000243   Thumb Code     0  startup_stm32f303xc.o(.text)
    EXTI4_IRQHandler                         0x08000243   Thumb Code     0  startup_stm32f303xc.o(.text)
    EXTI9_5_IRQHandler                       0x08000243   Thumb Code     0  startup_stm32f303xc.o(.text)
    FLASH_IRQHandler                         0x08000243   Thumb Code     0  startup_stm32f303xc.o(.text)
    FPU_IRQHandler                           0x08000243   Thumb Code     0  startup_stm32f303xc.o(.text)
    I2C1_ER_IRQHandler                       0x08000243   Thumb Code     0  startup_stm32f303xc.o(.text)
    I2C1_EV_IRQHandler                       0x08000243   Thumb Code     0  startup_stm32f303xc.o(.text)
    I2C2_ER_IRQHandler                       0x08000243   Thumb Code     0  startup_stm32f303xc.o(.text)
    I2C2_EV_IRQHandler                       0x08000243   Thumb Code     0  startup_stm32f303xc.o(.text)
    PVD_IRQHandler                           0x08000243   Thumb Code     0  startup_stm32f303xc.o(.text)
    RCC_IRQHandler                           0x08000243   Thumb Code     0  startup_stm32f303xc.o(.text)
    RTC_Alarm_IRQHandler                     0x08000243   Thumb Code     0  startup_stm32f303xc.o(.text)
    RTC_WKUP_IRQHandler                      0x08000243   Thumb Code     0  startup_stm32f303xc.o(.text)
    SPI1_IRQHandler                          0x08000243   Thumb Code     0  startup_stm32f303xc.o(.text)
    SPI2_IRQHandler                          0x08000243   Thumb Code     0  startup_stm32f303xc.o(.text)
    SPI3_IRQHandler                          0x08000243   Thumb Code     0  startup_stm32f303xc.o(.text)
    TAMP_STAMP_IRQHandler                    0x08000243   Thumb Code     0  startup_stm32f303xc.o(.text)
    TIM1_BRK_TIM15_IRQHandler                0x08000243   Thumb Code     0  startup_stm32f303xc.o(.text)
    TIM1_CC_IRQHandler                       0x08000243   Thumb Code     0  startup_stm32f303xc.o(.text)
    TIM1_TRG_COM_TIM17_IRQHandler            0x08000243   Thumb Code     0  startup_stm32f303xc.o(.text)
    TIM1_UP_TIM16_IRQHandler                 0x08000243   Thumb Code     0  startup_stm32f303xc.o(.text)
    TIM2_IRQHandler                          0x08000243   Thumb Code     0  startup_stm32f303xc.o(.text)
    TIM3_IRQHandler                          0x08000243   Thumb Code     0  startup_stm32f303xc.o(.text)
    TIM4_IRQHandler                          0x08000243   Thumb Code     0  startup_stm32f303xc.o(.text)
    TIM6_DAC_IRQHandler                      0x08000243   Thumb Code     0  startup_stm32f303xc.o(.text)
    TIM7_IRQHandler                          0x08000243   Thumb Code     0  startup_stm32f303xc.o(.text)
    TIM8_BRK_IRQHandler                      0x08000243   Thumb Code     0  startup_stm32f303xc.o(.text)
    TIM8_CC_IRQHandler                       0x08000243   Thumb Code     0  startup_stm32f303xc.o(.text)
    TIM8_TRG_COM_IRQHandler                  0x08000243   Thumb Code     0  startup_stm32f303xc.o(.text)
    TIM8_UP_IRQHandler                       0x08000243   Thumb Code     0  startup_stm32f303xc.o(.text)
    UART4_IRQHandler                         0x08000243   Thumb Code     0  startup_stm32f303xc.o(.text)
    UART5_IRQHandler                         0x08000243   Thumb Code     0  startup_stm32f303xc.o(.text)
    USART1_IRQHandler                        0x08000243   Thumb Code     0  startup_stm32f303xc.o(.text)
    USART2_IRQHandler                        0x08000243   Thumb Code     0  startup_stm32f303xc.o(.text)
    USART3_IRQHandler                        0x08000243   Thumb Code     0  startup_stm32f303xc.o(.text)
    USBWakeUp_IRQHandler                     0x08000243   Thumb Code     0  startup_stm32f303xc.o(.text)
    USBWakeUp_RMP_IRQHandler                 0x08000243   Thumb Code     0  startup_stm32f303xc.o(.text)
    USB_HP_CAN_TX_IRQHandler                 0x08000243   Thumb Code     0  startup_stm32f303xc.o(.text)
    USB_HP_IRQHandler                        0x08000243   Thumb Code     0  startup_stm32f303xc.o(.text)
    USB_LP_CAN_RX0_IRQHandler                0x08000243   Thumb Code     0  startup_stm32f303xc.o(.text)
    USB_LP_IRQHandler                        0x08000243   Thumb Code     0  startup_stm32f303xc.o(.text)
    WWDG_IRQHandler                          0x08000243   Thumb Code     0  startup_stm32f303xc.o(.text)
    __user_initial_stackheap                 0x08000245   Thumb Code     0  startup_stm32f303xc.o(.text)
    __use_two_region_memory                  0x08000269   Thumb Code     2  heapauxi.o(.text)
    __rt_heap_escrow$2region                 0x0800026b   Thumb Code     2  heapauxi.o(.text)
    __rt_heap_expand$2region                 0x0800026d   Thumb Code     2  heapauxi.o(.text)
    __read_errno                             0x0800026f   Thumb Code    10  _rserrno.o(.text)
    __set_errno                              0x08000279   Thumb Code    12  _rserrno.o(.text)
    _sys_exit                                0x08000285   Thumb Code     8  sys_exit.o(.text)
    __aeabi_errno_addr                       0x08000291   Thumb Code     8  rt_errno_addr_intlibspace.o(.text)
    __errno$intlibspace                      0x08000291   Thumb Code     0  rt_errno_addr_intlibspace.o(.text)
    __rt_errno_addr$intlibspace              0x08000291   Thumb Code     0  rt_errno_addr_intlibspace.o(.text)
    __user_libspace                          0x08000299   Thumb Code     8  libspace.o(.text)
    __user_perproc_libspace                  0x08000299   Thumb Code     0  libspace.o(.text)
    __user_perthread_libspace                0x08000299   Thumb Code     0  libspace.o(.text)
    __I$use$semihosting                      0x080002a1   Thumb Code     0  use_no_semi.o(.text)
    __use_no_semihosting_swi                 0x080002a1   Thumb Code     2  use_no_semi.o(.text)
    __semihosting_library_function           0x080002a3   Thumb Code     0  indicate_semi.o(.text)
    __user_setup_stackheap                   0x080002a3   Thumb Code    74  sys_stackheap_outer.o(.text)
    exit                                     0x080002ed   Thumb Code    18  exit.o(.text)
    EXTI0_IRQHandler                         0x08000301   Thumb Code     6  stm32f3xx_it.o(.text.EXTI0_IRQHandler)
    HAL_Delay                                0x08000309   Thumb Code    28  stm32f3xx_hal.o(.text.HAL_Delay)
    HAL_GPIO_EXTI_Callback                   0x08000325   Thumb Code    20  cw2.o(.text.HAL_GPIO_EXTI_Callback)
    HAL_GPIO_EXTI_IRQHandler                 0x08000339   Thumb Code    22  stm32f3xx_hal_gpio.o(.text.HAL_GPIO_EXTI_IRQHandler)
    HAL_GPIO_Init                            0x08000351   Thumb Code   722  stm32f3xx_hal_gpio.o(.text.HAL_GPIO_Init)
    HAL_GetTick                              0x08000625   Thumb Code    12  stm32f3xx_hal.o(.text.HAL_GetTick)
    HAL_IncTick                              0x08000631   Thumb Code    16  stm32f3xx_hal.o(.text.HAL_IncTick)
    HAL_Init                                 0x08000641   Thumb Code    38  stm32f3xx_hal.o(.text.HAL_Init)
    HAL_InitTick                             0x08000669   Thumb Code    42  stm32f3xx_hal.o(.text.HAL_InitTick)
    HAL_MspInit                              0x08000695   Thumb Code   102  stm32f3xx_hal_msp.o(.text.HAL_MspInit)
    HAL_NVIC_EnableIRQ                       0x080006fd   Thumb Code    34  stm32f3xx_hal_cortex.o(.text.HAL_NVIC_EnableIRQ)
    HAL_NVIC_SetPriority                     0x08000721   Thumb Code    68  stm32f3xx_hal_cortex.o(.text.HAL_NVIC_SetPriority)
    HAL_NVIC_SetPriorityGrouping             0x08000765   Thumb Code    34  stm32f3xx_hal_cortex.o(.text.HAL_NVIC_SetPriorityGrouping)
    HAL_RCC_ClockConfig                      0x08000789   Thumb Code   880  stm32f3xx_hal_rcc.o(.text.HAL_RCC_ClockConfig)
    HAL_RCC_GetHCLKFreq                      0x08000af9   Thumb Code    44  stm32f3xx_hal_rcc.o(.text.HAL_RCC_GetHCLKFreq)
    HAL_RCC_GetSysClockFreq                  0x08000b25   Thumb Code    88  stm32f3xx_hal_rcc.o(.text.HAL_RCC_GetSysClockFreq)
    HAL_RCC_OscConfig                        0x08000b7d   Thumb Code  1338  stm32f3xx_hal_rcc.o(.text.HAL_RCC_OscConfig)
    HAL_SYSTICK_CLKSourceConfig              0x080010b9   Thumb Code    54  stm32f3xx_hal_cortex.o(.text.HAL_SYSTICK_CLKSourceConfig)
    HAL_SYSTICK_Config                       0x080010f1   Thumb Code     4  stm32f3xx_hal_cortex.o(.text.HAL_SYSTICK_Config)
    SysTick_Handler                          0x0800115d   Thumb Code     4  cw2.o(.text.SysTick_Handler)
    SystemClock_Config                       0x08001161   Thumb Code   100  gpio_setup.o(.text.SystemClock_Config)
    SystemInit                               0x080011c5   Thumb Code   112  system_stm32f3xx.o(.text.SystemInit)
    LEDs::on()                               0x08001269   Thumb Code    18  led.o(.text._ZN4LEDs2onEv)
    LEDs::off()                              0x0800127d   Thumb Code    20  led.o(.text._ZN4LEDs3offEv)
    LEDs::toggle()                           0x08001291   Thumb Code    18  led.o(.text._ZN4LEDs6toggleEv)
    LEDs::LEDs(unsigned short)               0x080012a5   Thumb Code    14  led.o(.text._ZN4LEDsC2Et)
    LEDs::LEDs__sub_object(unsigned short)   0x080012a5   Thumb Code    14  led.o(.text._ZN4LEDsC2Et)
    System::runProcess(Process&, Results&, LEDs&, LEDs&, LEDs&, LEDs&, bool) 0x080012b5   Thumb Code   116  system.o(.text._ZN6System10runProcessER7ProcessR7ResultsR4LEDsS5_S5_S5_b)
    System::setTimeout(LEDs&, LEDs&, bool)   0x08001329   Thumb Code    48  system.o(.text._ZN6System10setTimeoutER4LEDsS1_b)
    System::System(unsigned, unsigned)       0x08001359   Thumb Code    12  system.o(.text._ZN6SystemC2Ejj)
    System::System__sub_object(unsigned, unsigned) 0x08001359   Thumb Code    12  system.o(.text._ZN6SystemC2Ejj)
    Process::ProcessRow()                    0x08001365   Thumb Code   120  process.o(.text._ZN7Process10ProcessRowEv)
    Process::NextRow()                       0x080013dd   Thumb Code    24  process.o(.text._ZN7Process7NextRowEv)
    Process::Process(signed char*, unsigned, unsigned) 0x080013f5   Thumb Code    10  process.o(.text._ZN7ProcessC2EPajj)
    Process::Process__sub_object(signed char*, unsigned, unsigned) 0x080013f5   Thumb Code    10  process.o(.text._ZN7ProcessC2EPajj)
    Results::StoreResult(int)                0x08001401   Thumb Code    14  results.o(.text._ZN7Results11StoreResultEi)
    Results::EmptyResults()                  0x08001411   Thumb Code     6  results.o(.text._ZN7Results12EmptyResultsEv)
    Results::Results__sub_object()           0x08001419   Thumb Code     6  cw2.o(.text._ZN7ResultsC2Ev)
    assert_failed                            0x08001495   Thumb Code     2  gpio_setup.o(.text.assert_failed)
    board_setup                              0x08001499   Thumb Code    18  gpio_setup.o(.text.board_setup)
    gpio_setup                               0x080014ad   Thumb Code   128  gpio_setup.o(.text.gpio_setup)
    main                                     0x0800152d   Thumb Code   268  cw2.o(.text.main)
    __hardfp_sqrt                            0x08001639   Thumb Code   122  sqrt.o(i.__hardfp_sqrt)
    __aeabi_dadd                             0x080016b5   Thumb Code     0  daddsub_clz.o(x$fpl$dadd)
    _dadd                                    0x080016b5   Thumb Code   332  daddsub_clz.o(x$fpl$dadd)
    __aeabi_d2iz                             0x08001805   Thumb Code     0  dfix.o(x$fpl$dfix)
    _dfix                                    0x08001805   Thumb Code    94  dfix.o(x$fpl$dfix)
    __aeabi_i2d                              0x08001863   Thumb Code     0  dflt_clz.o(x$fpl$dflt)
    _dflt                                    0x08001863   Thumb Code    46  dflt_clz.o(x$fpl$dflt)
    __fpl_dnaninf                            0x08001891   Thumb Code   156  dnaninf.o(x$fpl$dnaninf)
    __fpl_dretinf                            0x0800192d   Thumb Code    12  dretinf.o(x$fpl$dretinf)
    _dsqrt                                   0x08001939   Thumb Code   404  dsqrt_umaal.o(x$fpl$dsqrt)
    __aeabi_dsub                             0x08001ad1   Thumb Code     0  daddsub_clz.o(x$fpl$dsub)
    _dsub                                    0x08001ad1   Thumb Code   464  daddsub_clz.o(x$fpl$dsub)
    _fp_init                                 0x08001ca5   Thumb Code    26  fpinit.o(x$fpl$fpinit)
    __fplib_config_fpu_vfp                   0x08001cbd   Thumb Code     0  fpinit.o(x$fpl$fpinit)
    __fplib_config_pureend_doubles           0x08001cbd   Thumb Code     0  fpinit.o(x$fpl$fpinit)
    __I$use$fp                               0x08001cbe   Number         0  usenofp.o(x$fpl$usenofp)
    aAPBAHBPrescTable                        0x08001cbe   Data          16  stm32f3xx_hal_rcc.o(.rodata.aAPBAHBPrescTable)
    aPLLMULFactorTable                       0x08001cce   Data          16  stm32f3xx_hal_rcc.o(.rodata.aPLLMULFactorTable)
    aPredivFactorTable                       0x08001cde   Data          16  stm32f3xx_hal_rcc.o(.rodata.aPredivFactorTable)
    Region$$Table$$Base                      0x08001d94   Number         0  anon$$obj.o(Region$$Table)
    Region$$Table$$Limit                     0x08001db4   Number         0  anon$$obj.o(Region$$Table)
    Database                                 0x20000000   Data         320  cw2.o(.data.Database)
    SystemCoreClock                          0x20000140   Data           4  system_stm32f3xx.o(.data.SystemCoreClock)
    __libspace_start                         0x20000148   Data          96  libspace.o(.bss)
    IP_flag                                  0x200001a8   Data           1  cw2.o(.bss.IP_flag)
    __temporary_stack_top$libspace           0x200001a8   Data           0  libspace.o(.bss)



==============================================================================

Memory Map of the image

  Image Entry point : 0x08000189

  Load Region LR_IROM1 (Base: 0x08000000, Size: 0x00001f00, Max: 0x00040000, ABSOLUTE)

    Execution Region ER_IROM1 (Exec base: 0x08000000, Load base: 0x08000000, Size: 0x00001db4, Max: 0x00040000, ABSOLUTE)

    Exec Addr    Load Addr    Size         Type   Attr      Idx    E Section Name        Object

    0x08000000   0x08000000   0x00000188   Data   RO          341    RESET               startup_stm32f303xc.o
    0x08000188   0x08000188   0x00000008   Code   RO          369  * !!!main             c_w.l(__main.o)
    0x08000190   0x08000190   0x00000034   Code   RO          701    !!!scatter          c_w.l(__scatter.o)
    0x080001c4   0x080001c4   0x0000001a   Code   RO          703    !!handler_copy      c_w.l(__scatter_copy.o)
    0x080001de   0x080001de   0x00000002   PAD
    0x080001e0   0x080001e0   0x0000001c   Code   RO          705    !!handler_zi        c_w.l(__scatter_zi.o)
    0x080001fc   0x080001fc   0x00000002   Code   RO          581    .ARM.Collect$$libinit$$00000000  c_w.l(libinit.o)
    0x080001fe   0x080001fe   0x00000004   Code   RO          588    .ARM.Collect$$libinit$$00000001  c_w.l(libinit2.o)
    0x08000202   0x08000202   0x00000000   Code   RO          591    .ARM.Collect$$libinit$$00000004  c_w.l(libinit2.o)
    0x08000202   0x08000202   0x00000000   Code   RO          594    .ARM.Collect$$libinit$$0000000A  c_w.l(libinit2.o)
    0x08000202   0x08000202   0x00000000   Code   RO          596    .ARM.Collect$$libinit$$0000000C  c_w.l(libinit2.o)
    0x08000202   0x08000202   0x00000000   Code   RO          598    .ARM.Collect$$libinit$$0000000E  c_w.l(libinit2.o)
    0x08000202   0x08000202   0x00000000   Code   RO          601    .ARM.Collect$$libinit$$00000011  c_w.l(libinit2.o)
    0x08000202   0x08000202   0x00000000   Code   RO          603    .ARM.Collect$$libinit$$00000013  c_w.l(libinit2.o)
    0x08000202   0x08000202   0x00000000   Code   RO          605    .ARM.Collect$$libinit$$00000015  c_w.l(libinit2.o)
    0x08000202   0x08000202   0x00000000   Code   RO          607    .ARM.Collect$$libinit$$00000017  c_w.l(libinit2.o)
    0x08000202   0x08000202   0x00000000   Code   RO          609    .ARM.Collect$$libinit$$00000019  c_w.l(libinit2.o)
    0x08000202   0x08000202   0x00000000   Code   RO          611    .ARM.Collect$$libinit$$0000001B  c_w.l(libinit2.o)
    0x08000202   0x08000202   0x00000000   Code   RO          613    .ARM.Collect$$libinit$$0000001D  c_w.l(libinit2.o)
    0x08000202   0x08000202   0x00000000   Code   RO          615    .ARM.Collect$$libinit$$0000001F  c_w.l(libinit2.o)
    0x08000202   0x08000202   0x00000000   Code   RO          617    .ARM.Collect$$libinit$$00000021  c_w.l(libinit2.o)
    0x08000202   0x08000202   0x00000000   Code   RO          619    .ARM.Collect$$libinit$$00000023  c_w.l(libinit2.o)
    0x08000202   0x08000202   0x00000000   Code   RO          621    .ARM.Collect$$libinit$$00000025  c_w.l(libinit2.o)
    0x08000202   0x08000202   0x00000000   Code   RO          625    .ARM.Collect$$libinit$$0000002C  c_w.l(libinit2.o)
    0x08000202   0x08000202   0x00000000   Code   RO          627    .ARM.Collect$$libinit$$0000002E  c_w.l(libinit2.o)
    0x08000202   0x08000202   0x00000000   Code   RO          629    .ARM.Collect$$libinit$$00000030  c_w.l(libinit2.o)
    0x08000202   0x08000202   0x00000000   Code   RO          631    .ARM.Collect$$libinit$$00000032  c_w.l(libinit2.o)
    0x08000202   0x08000202   0x00000002   Code   RO          632    .ARM.Collect$$libinit$$00000033  c_w.l(libinit2.o)
    0x08000204   0x08000204   0x00000002   Code   RO          672    .ARM.Collect$$libshutdown$$00000000  c_w.l(libshutdown.o)
    0x08000206   0x08000206   0x00000000   Code   RO          684    .ARM.Collect$$libshutdown$$00000002  c_w.l(libshutdown2.o)
    0x08000206   0x08000206   0x00000000   Code   RO          686    .ARM.Collect$$libshutdown$$00000004  c_w.l(libshutdown2.o)
    0x08000206   0x08000206   0x00000000   Code   RO          689    .ARM.Collect$$libshutdown$$00000007  c_w.l(libshutdown2.o)
    0x08000206   0x08000206   0x00000000   Code   RO          692    .ARM.Collect$$libshutdown$$0000000A  c_w.l(libshutdown2.o)
    0x08000206   0x08000206   0x00000000   Code   RO          694    .ARM.Collect$$libshutdown$$0000000C  c_w.l(libshutdown2.o)
    0x08000206   0x08000206   0x00000000   Code   RO          697    .ARM.Collect$$libshutdown$$0000000F  c_w.l(libshutdown2.o)
    0x08000206   0x08000206   0x00000002   Code   RO          698    .ARM.Collect$$libshutdown$$00000010  c_w.l(libshutdown2.o)
    0x08000208   0x08000208   0x00000000   Code   RO          435    .ARM.Collect$$rtentry$$00000000  c_w.l(__rtentry.o)
    0x08000208   0x08000208   0x00000000   Code   RO          528    .ARM.Collect$$rtentry$$00000002  c_w.l(__rtentry2.o)
    0x08000208   0x08000208   0x00000006   Code   RO          540    .ARM.Collect$$rtentry$$00000004  c_w.l(__rtentry4.o)
    0x0800020e   0x0800020e   0x00000000   Code   RO          530    .ARM.Collect$$rtentry$$00000009  c_w.l(__rtentry2.o)
    0x0800020e   0x0800020e   0x00000004   Code   RO          531    .ARM.Collect$$rtentry$$0000000A  c_w.l(__rtentry2.o)
    0x08000212   0x08000212   0x00000000   Code   RO          533    .ARM.Collect$$rtentry$$0000000C  c_w.l(__rtentry2.o)
    0x08000212   0x08000212   0x00000008   Code   RO          534    .ARM.Collect$$rtentry$$0000000D  c_w.l(__rtentry2.o)
    0x0800021a   0x0800021a   0x00000002   Code   RO          582    .ARM.Collect$$rtexit$$00000000  c_w.l(rtexit.o)
    0x0800021c   0x0800021c   0x00000000   Code   RO          638    .ARM.Collect$$rtexit$$00000002  c_w.l(rtexit2.o)
    0x0800021c   0x0800021c   0x00000004   Code   RO          639    .ARM.Collect$$rtexit$$00000003  c_w.l(rtexit2.o)
    0x08000220   0x08000220   0x00000006   Code   RO          640    .ARM.Collect$$rtexit$$00000004  c_w.l(rtexit2.o)
    0x08000226   0x08000226   0x00000002   PAD
    0x08000228   0x08000228   0x00000040   Code   RO          342    .text               startup_stm32f303xc.o
    0x08000268   0x08000268   0x00000006   Code   RO          367    .text               c_w.l(heapauxi.o)
    0x0800026e   0x0800026e   0x00000016   Code   RO          436    .text               c_w.l(_rserrno.o)
    0x08000284   0x08000284   0x0000000c   Code   RO          523    .text               c_w.l(sys_exit.o)
    0x08000290   0x08000290   0x00000008   Code   RO          545    .text               c_w.l(rt_errno_addr_intlibspace.o)
    0x08000298   0x08000298   0x00000008   Code   RO          558    .text               c_w.l(libspace.o)
    0x080002a0   0x080002a0   0x00000002   Code   RO          561    .text               c_w.l(use_no_semi.o)
    0x080002a2   0x080002a2   0x00000000   Code   RO          563    .text               c_w.l(indicate_semi.o)
    0x080002a2   0x080002a2   0x0000004a   Code   RO          564    .text               c_w.l(sys_stackheap_outer.o)
    0x080002ec   0x080002ec   0x00000012   Code   RO          568    .text               c_w.l(exit.o)
    0x080002fe   0x080002fe   0x00000002   PAD
    0x08000300   0x08000300   0x00000006   Code   RO          309    .text.EXTI0_IRQHandler  stm32f3xx_it.o
    0x08000306   0x08000306   0x00000002   PAD
    0x08000308   0x08000308   0x0000001c   Code   RO          201    .text.HAL_Delay     stm32f3xx_hal.o
    0x08000324   0x08000324   0x00000014   Code   RO            6    .text.HAL_GPIO_EXTI_Callback  cw2.o
    0x08000338   0x08000338   0x00000016   Code   RO          128    .text.HAL_GPIO_EXTI_IRQHandler  stm32f3xx_hal_gpio.o
    0x0800034e   0x0800034e   0x00000002   PAD
    0x08000350   0x08000350   0x000002d2   Code   RO          116    .text.HAL_GPIO_Init  stm32f3xx_hal_gpio.o
    0x08000622   0x08000622   0x00000002   PAD
    0x08000624   0x08000624   0x0000000c   Code   RO          199    .text.HAL_GetTick   stm32f3xx_hal.o
    0x08000630   0x08000630   0x00000010   Code   RO          197    .text.HAL_IncTick   stm32f3xx_hal.o
    0x08000640   0x08000640   0x00000026   Code   RO          187    .text.HAL_Init      stm32f3xx_hal.o
    0x08000666   0x08000666   0x00000002   PAD
    0x08000668   0x08000668   0x0000002a   Code   RO          189    .text.HAL_InitTick  stm32f3xx_hal.o
    0x08000692   0x08000692   0x00000002   PAD
    0x08000694   0x08000694   0x00000066   Code   RO          103    .text.HAL_MspInit   stm32f3xx_hal_msp.o
    0x080006fa   0x080006fa   0x00000002   PAD
    0x080006fc   0x080006fc   0x00000022   Code   RO          249    .text.HAL_NVIC_EnableIRQ  stm32f3xx_hal_cortex.o
    0x0800071e   0x0800071e   0x00000002   PAD
    0x08000720   0x08000720   0x00000044   Code   RO          241    .text.HAL_NVIC_SetPriority  stm32f3xx_hal_cortex.o
    0x08000764   0x08000764   0x00000022   Code   RO          237    .text.HAL_NVIC_SetPriorityGrouping  stm32f3xx_hal_cortex.o
    0x08000786   0x08000786   0x00000002   PAD
    0x08000788   0x08000788   0x00000370   Code   RO          148    .text.HAL_RCC_ClockConfig  stm32f3xx_hal_rcc.o
    0x08000af8   0x08000af8   0x0000002c   Code   RO          158    .text.HAL_RCC_GetHCLKFreq  stm32f3xx_hal_rcc.o
    0x08000b24   0x08000b24   0x00000058   Code   RO          156    .text.HAL_RCC_GetSysClockFreq  stm32f3xx_hal_rcc.o
    0x08000b7c   0x08000b7c   0x0000053a   Code   RO          146    .text.HAL_RCC_OscConfig  stm32f3xx_hal_rcc.o
    0x080010b6   0x080010b6   0x00000002   PAD
    0x080010b8   0x080010b8   0x00000036   Code   RO          291    .text.HAL_SYSTICK_CLKSourceConfig  stm32f3xx_hal_cortex.o
    0x080010ee   0x080010ee   0x00000002   PAD
    0x080010f0   0x080010f0   0x00000004   Code   RO          261    .text.HAL_SYSTICK_Config  stm32f3xx_hal_cortex.o
    0x080010f4   0x080010f4   0x00000036   Code   RO          247    .text.NVIC_EncodePriority  stm32f3xx_hal_cortex.o
    0x0800112a   0x0800112a   0x00000002   PAD
    0x0800112c   0x0800112c   0x00000030   Code   RO          263    .text.SysTick_Config  stm32f3xx_hal_cortex.o
    0x0800115c   0x0800115c   0x00000004   Code   RO            8    .text.SysTick_Handler  cw2.o
    0x08001160   0x08001160   0x00000064   Code   RO          323    .text.SystemClock_Config  gpio_setup.o
    0x080011c4   0x080011c4   0x00000070   Code   RO          348    .text.SystemInit    system_stm32f3xx.o
    0x08001234   0x08001234   0x00000022   Code   RO            4    .text._ZL14SysTick_Configj  cw2.o
    0x08001256   0x08001256   0x00000002   PAD
    0x08001258   0x08001258   0x0000000e   Code   RO           10    .text._ZL18__NVIC_SetPriority9IRQn_Typej  cw2.o
    0x08001266   0x08001266   0x00000002   PAD
    0x08001268   0x08001268   0x00000012   Code   RO           35    .text._ZN4LEDs2onEv  led.o
    0x0800127a   0x0800127a   0x00000002   PAD
    0x0800127c   0x0800127c   0x00000014   Code   RO           31    .text._ZN4LEDs3offEv  led.o
    0x08001290   0x08001290   0x00000012   Code   RO           37    .text._ZN4LEDs6toggleEv  led.o
    0x080012a2   0x080012a2   0x00000002   PAD
    0x080012a4   0x080012a4   0x0000000e   Code   RO           29    .text._ZN4LEDsC2Et  led.o
    0x080012b2   0x080012b2   0x00000002   PAD
    0x080012b4   0x080012b4   0x00000074   Code   RO           90    .text._ZN6System10runProcessER7ProcessR7ResultsR4LEDsS5_S5_S5_b  system.o
    0x08001328   0x08001328   0x00000030   Code   RO           88    .text._ZN6System10setTimeoutER4LEDsS1_b  system.o
    0x08001358   0x08001358   0x0000000c   Code   RO           86    .text._ZN6SystemC2Ejj  system.o
    0x08001364   0x08001364   0x00000078   Code   RO           54    .text._ZN7Process10ProcessRowEv  process.o
    0x080013dc   0x080013dc   0x00000018   Code   RO           56    .text._ZN7Process7NextRowEv  process.o
    0x080013f4   0x080013f4   0x0000000a   Code   RO           52    .text._ZN7ProcessC2EPajj  process.o
    0x080013fe   0x080013fe   0x00000002   PAD
    0x08001400   0x08001400   0x0000000e   Code   RO           71    .text._ZN7Results11StoreResultEi  results.o
    0x0800140e   0x0800140e   0x00000002   PAD
    0x08001410   0x08001410   0x00000006   Code   RO           73    .text._ZN7Results12EmptyResultsEv  results.o
    0x08001416   0x08001416   0x00000002   PAD
    0x08001418   0x08001418   0x00000006   Code   RO           26    .text._ZN7ResultsC2Ev  cw2.o
    0x0800141e   0x0800141e   0x00000002   PAD
    0x08001420   0x08001420   0x00000020   Code   RO          251    .text.__NVIC_EnableIRQ  stm32f3xx_hal_cortex.o
    0x08001440   0x08001440   0x00000010   Code   RO          243    .text.__NVIC_GetPriorityGrouping  stm32f3xx_hal_cortex.o
    0x08001450   0x08001450   0x00000022   Code   RO          245    .text.__NVIC_SetPriority  stm32f3xx_hal_cortex.o
    0x08001472   0x08001472   0x00000002   PAD
    0x08001474   0x08001474   0x00000020   Code   RO          239    .text.__NVIC_SetPriorityGrouping  stm32f3xx_hal_cortex.o
    0x08001494   0x08001494   0x00000002   Code   RO          327    .text.assert_failed  gpio_setup.o
    0x08001496   0x08001496   0x00000002   PAD
    0x08001498   0x08001498   0x00000012   Code   RO          321    .text.board_setup   gpio_setup.o
    0x080014aa   0x080014aa   0x00000002   PAD
    0x080014ac   0x080014ac   0x00000080   Code   RO          325    .text.gpio_setup    gpio_setup.o
    0x0800152c   0x0800152c   0x0000010c   Code   RO            2    .text.main          cw2.o
    0x08001638   0x08001638   0x0000007a   Code   RO          423    i.__hardfp_sqrt     m_wm.l(sqrt.o)
    0x080016b2   0x080016b2   0x00000002   PAD
    0x080016b4   0x080016b4   0x00000150   Code   RO          371    x$fpl$dadd          fz_wm.l(daddsub_clz.o)
    0x08001804   0x08001804   0x0000005e   Code   RO          377    x$fpl$dfix          fz_wm.l(dfix.o)
    0x08001862   0x08001862   0x0000002e   Code   RO          382    x$fpl$dflt          fz_wm.l(dflt_clz.o)
    0x08001890   0x08001890   0x0000009c   Code   RO          442    x$fpl$dnaninf       fz_wm.l(dnaninf.o)
    0x0800192c   0x0800192c   0x0000000c   Code   RO          444    x$fpl$dretinf       fz_wm.l(dretinf.o)
    0x08001938   0x08001938   0x00000198   Code   RO          446    x$fpl$dsqrt         fz_wm.l(dsqrt_umaal.o)
    0x08001ad0   0x08001ad0   0x000001d4   Code   RO          373    x$fpl$dsub          fz_wm.l(daddsub_clz.o)
    0x08001ca4   0x08001ca4   0x0000001a   Code   RO          648    x$fpl$fpinit        fz_wm.l(fpinit.o)
    0x08001cbe   0x08001cbe   0x00000000   Code   RO          448    x$fpl$usenofp       fz_wm.l(usenofp.o)
    0x08001cbe   0x08001cbe   0x00000010   Data   RO          172    .rodata.aAPBAHBPrescTable  stm32f3xx_hal_rcc.o
    0x08001cce   0x08001cce   0x00000010   Data   RO          173    .rodata.aPLLMULFactorTable  stm32f3xx_hal_rcc.o
    0x08001cde   0x08001cde   0x00000010   Data   RO          174    .rodata.aPredivFactorTable  stm32f3xx_hal_rcc.o
    0x08001cee   0x08001cee   0x00000036   Data   RO          132    .rodata.str1.1      stm32f3xx_hal_gpio.o
    0x08001d24   0x08001d24   0x00000035   Data   RO          175    .rodata.str1.1      stm32f3xx_hal_rcc.o
    0x08001d59   0x08001d59   0x00000038   Data   RO          297    .rodata.str1.1      stm32f3xx_hal_cortex.o
    0x08001d91   0x08001d91   0x00000003   PAD
    0x08001d94   0x08001d94   0x00000020   Data   RO          699    Region$$Table       anon$$obj.o


    Execution Region RW_IRAM2 (Exec base: 0x10000000, Load base: 0x08001f00, Size: 0x00000000, Max: 0x00002000, ABSOLUTE)

    **** No section assigned to this execution region ****


    Execution Region RW_IRAM1 (Exec base: 0x20000000, Load base: 0x08001db8, Size: 0x000007b0, Max: 0x0000c000, ABSOLUTE)

    Exec Addr    Load Addr    Size         Type   Attr      Idx    E Section Name        Object

    0x20000000   0x08001db8   0x00000140   Data   RW           12    .data.Database      cw2.o
    0x20000140   0x08001ef8   0x00000004   Data   RW          352    .data.SystemCoreClock  system_stm32f3xx.o
    0x20000144   0x08001efc   0x00000004   PAD
    0x20000148        -       0x00000060   Zero   RW          559    .bss                c_w.l(libspace.o)
    0x200001a8        -       0x00000001   Zero   RW           13    .bss.IP_flag        cw2.o
    0x200001a9   0x08001efc   0x00000003   PAD
    0x200001ac        -       0x00000004   Zero   RW          225    .bss.uwTick         stm32f3xx_hal.o
    0x200001b0        -       0x00000200   Zero   RW          340    HEAP                startup_stm32f303xc.o
    0x200003b0        -       0x00000400   Zero   RW          339    STACK               startup_stm32f303xc.o


==============================================================================

Image component sizes


      Code (inc. data)   RO Data    RW Data    ZI Data      Debug   Object Name

       346          0          0        320          1      22507   cw2.o
       248          0          0          0          0       4683   gpio_setup.o
        70          0          0          0          0       7535   led.o
       154          0          0          0          0      15515   process.o
        20          0          0          0          0       3002   results.o
        64         26        392          0       1536        912   startup_stm32f303xc.o
       136          0          0          0          4       5944   stm32f3xx_hal.o
       410          0         56          0          0      10463   stm32f3xx_hal_cortex.o
       744          0         54          0          0       5503   stm32f3xx_hal_gpio.o
       102          0          0          0          0       2794   stm32f3xx_hal_msp.o
      2350          0        101          0          0       7816   stm32f3xx_hal_rcc.o
         6          0          0          0          0        595   stm32f3xx_it.o
       176          0          0          0          0      19358   system.o
       112          0          0          4          0       2457   system_stm32f3xx.o

    ----------------------------------------------------------------------
      4984         26        638        324       1548     109084   Object Totals
         0          0         32          0          0          0   (incl. Generated)
        46          0          3          0          7          0   (incl. Padding)

    ----------------------------------------------------------------------

      Code (inc. data)   RO Data    RW Data    ZI Data      Debug   Library Member Name

         8          0          0          0          0         68   __main.o
         0          0          0          0          0          0   __rtentry.o
        12          0          0          0          0          0   __rtentry2.o
         6          0          0          0          0          0   __rtentry4.o
        52          8          0          0          0          0   __scatter.o
        26          0          0          0          0          0   __scatter_copy.o
        28          0          0          0          0          0   __scatter_zi.o
        22          0          0          0          0        100   _rserrno.o
        18          0          0          0          0         80   exit.o
         6          0          0          0          0        152   heapauxi.o
         0          0          0          0          0          0   indicate_semi.o
         2          0          0          0          0          0   libinit.o
         6          0          0          0          0          0   libinit2.o
         2          0          0          0          0          0   libshutdown.o
         2          0          0          0          0          0   libshutdown2.o
         8          4          0          0         96         68   libspace.o
         8          4          0          0          0         68   rt_errno_addr_intlibspace.o
         2          0          0          0          0          0   rtexit.o
        10          0          0          0          0          0   rtexit2.o
        12          4          0          0          0         68   sys_exit.o
        74          0          0          0          0         80   sys_stackheap_outer.o
         2          0          0          0          0         68   use_no_semi.o
       804         16          0          0          0        376   daddsub_clz.o
        94          4          0          0          0        140   dfix.o
        46          0          0          0          0        116   dflt_clz.o
       156          4          0          0          0        140   dnaninf.o
        12          0          0          0          0        116   dretinf.o
       408         56          0          0          0        168   dsqrt_umaal.o
        26          0          0          0          0        116   fpinit.o
         0          0          0          0          0          0   usenofp.o
       122          0          0          0          0        148   sqrt.o

    ----------------------------------------------------------------------
      1982        100          0          0         96       2072   Library Totals
         8          0          0          0          0          0   (incl. Padding)

    ----------------------------------------------------------------------

      Code (inc. data)   RO Data    RW Data    ZI Data      Debug   Library Name

       306         20          0          0         96        752   c_w.l
      1546         80          0          0          0       1172   fz_wm.l
       122          0          0          0          0        148   m_wm.l

    ----------------------------------------------------------------------
      1982        100          0          0         96       2072   Library Totals

    ----------------------------------------------------------------------

==============================================================================


      Code (inc. data)   RO Data    RW Data    ZI Data      Debug   

      6966        126        638        324       1644     110004   Grand Totals
      6966        126        638        324       1644     110004   ELF Image Totals
      6966        126        638        324          0          0   ROM Totals

==============================================================================

    Total RO  Size (Code + RO Data)                 7604 (   7.43kB)
    Total RW  Size (RW Data + ZI Data)              1968 (   1.92kB)
    Total ROM Size (Code + RO Data + RW Data)       7928 (   7.74kB)

==============================================================================

